AMBER sample=Airways-sample-7; binners=5; started=Tue Aug 11 12:47:26 HKT 2026
2026-08-11 12:47:28,139 INFO Found @Version:0.9.1 in concoct-Airways-sample-7.All
2026-08-11 12:47:28,139 INFO Found @SampleID:Airways-sample-7 in concoct-Airways-sample-7.All
2026-08-11 12:47:28,139 INFO Found @Version:0.9.1 in metabat2-Airways-sample-7.All
2026-08-11 12:47:28,139 INFO Found @Version:0.9.1 in semibin2-Airways-sample-7.All
2026-08-11 12:47:28,139 INFO Found @SampleID:Airways-sample-7 in semibin2-Airways-sample-7.All
2026-08-11 12:47:28,139 INFO Found @SampleID:Airways-sample-7 in metabat2-Airways-sample-7.All
2026-08-11 12:47:28,140 INFO Found @Version:0.9.1 in completebin-Airways-sample-7.All
2026-08-11 12:47:28,140 INFO Found @SampleID:Airways-sample-7 in completebin-Airways-sample-7.All
2026-08-11 12:47:28,140 INFO Found @Version:0.9.1 in Gold standard
2026-08-11 12:47:28,139 INFO Found @Version:0.9.1 in comebin-Airways-sample-7.All
2026-08-11 12:47:28,142 INFO Found @SampleID:Airways-sample-7 in Gold standard
2026-08-11 12:47:28,143 INFO Found @SampleID:Airways-sample-7 in comebin-Airways-sample-7.All
2026-08-11 12:47:28,151 INFO Creating output directories
2026-08-11 12:47:28,172 INFO Loading Airways-sample-7 of Gold standard
2026-08-11 12:47:28,198 INFO Evaluating Gold standard, sample Airways-sample-7, genome binning
2026-08-11 12:47:28,198 INFO Loading Airways-sample-7 of Gold standard
2026-08-11 12:47:28,434 INFO Evaluating comebin-Airways-sample-7.All, sample Airways-sample-7, genome binning
2026-08-11 12:47:28,434 INFO Loading Airways-sample-7 of comebin-Airways-sample-7.All
2026-08-11 12:47:28,494 WARNING 1717 sequences in comebin-Airways-sample-7.All not found in the gold standard.
2026-08-11 12:47:28,638 INFO Evaluating completebin-Airways-sample-7.All, sample Airways-sample-7, genome binning
2026-08-11 12:47:28,638 INFO Loading Airways-sample-7 of completebin-Airways-sample-7.All
2026-08-11 12:47:28,706 WARNING 10245 sequences in completebin-Airways-sample-7.All not found in the gold standard.
2026-08-11 12:47:28,852 INFO Evaluating concoct-Airways-sample-7.All, sample Airways-sample-7, genome binning
2026-08-11 12:47:28,852 INFO Loading Airways-sample-7 of concoct-Airways-sample-7.All
2026-08-11 12:47:28,917 WARNING 6126 sequences in concoct-Airways-sample-7.All not found in the gold standard.
2026-08-11 12:47:29,149 INFO Evaluating metabat2-Airways-sample-7.All, sample Airways-sample-7, genome binning
2026-08-11 12:47:29,149 INFO Loading Airways-sample-7 of metabat2-Airways-sample-7.All
2026-08-11 12:47:29,209 WARNING 1009 sequences in metabat2-Airways-sample-7.All not found in the gold standard.
2026-08-11 12:47:29,351 INFO Evaluating semibin2-Airways-sample-7.All, sample Airways-sample-7, genome binning
2026-08-11 12:47:29,352 INFO Loading Airways-sample-7 of semibin2-Airways-sample-7.All
2026-08-11 12:47:29,409 WARNING 191 sequences in semibin2-Airways-sample-7.All not found in the gold standard.
2026-08-11 12:47:29,568 INFO Saving computed metrics
2026-08-11 12:47:29,608 INFO Creating genome binning plots
2026-08-11 12:47:33,716 INFO Creating HTML page
2026-08-11 12:47:34,531 INFO AMBER finished successfully. All results have been saved to /mnt/ME5024_PA2/shared/groups/ZHANGLU/AMBER-CAMI2-Other-Datasets-Results/AMBER-Airways-sample-7
AMBER completed Airways-sample-7; finished=Tue Aug 11 12:47:34 HKT 2026
