AMBER sample=Oral-sample-16; binners=5; started=Tue Aug 11 12:48:05 HKT 2026
2026-08-11 12:48:06,257 INFO Found @Version:0.9.1 in semibin2-Oral-sample-16.All
2026-08-11 12:48:06,258 INFO Found @Version:0.9.1 in comebin-Oral-sample-16.All
2026-08-11 12:48:06,258 INFO Found @SampleID:Oral-sample-16 in comebin-Oral-sample-16.All
2026-08-11 12:48:06,258 INFO Found @SampleID:Oral-sample-16 in semibin2-Oral-sample-16.All
2026-08-11 12:48:06,258 INFO Found @Version:0.9.1 in metabat2-Oral-sample-16.All
2026-08-11 12:48:06,259 INFO Found @SampleID:Oral-sample-16 in metabat2-Oral-sample-16.All
2026-08-11 12:48:06,258 INFO Found @Version:0.9.1 in Gold standard
2026-08-11 12:48:06,260 INFO Found @Version:0.9.1 in completebin-Oral-sample-16.All
2026-08-11 12:48:06,259 INFO Found @Version:0.9.1 in concoct-Oral-sample-16.All
2026-08-11 12:48:06,261 INFO Found @SampleID:Oral-sample-16 in Gold standard
2026-08-11 12:48:06,262 INFO Found @SampleID:Oral-sample-16 in completebin-Oral-sample-16.All
2026-08-11 12:48:06,262 INFO Found @SampleID:Oral-sample-16 in concoct-Oral-sample-16.All
2026-08-11 12:48:06,278 INFO Creating output directories
2026-08-11 12:48:06,280 INFO Loading Oral-sample-16 of Gold standard
2026-08-11 12:48:06,317 INFO Evaluating Gold standard, sample Oral-sample-16, genome binning
2026-08-11 12:48:06,317 INFO Loading Oral-sample-16 of Gold standard
2026-08-11 12:48:06,662 INFO Evaluating comebin-Oral-sample-16.All, sample Oral-sample-16, genome binning
2026-08-11 12:48:06,662 INFO Loading Oral-sample-16 of comebin-Oral-sample-16.All
2026-08-11 12:48:06,777 WARNING 7813 sequences in comebin-Oral-sample-16.All not found in the gold standard.
2026-08-11 12:48:06,965 INFO Evaluating completebin-Oral-sample-16.All, sample Oral-sample-16, genome binning
2026-08-11 12:48:06,965 INFO Loading Oral-sample-16 of completebin-Oral-sample-16.All
2026-08-11 12:48:07,088 WARNING 12097 sequences in completebin-Oral-sample-16.All not found in the gold standard.
2026-08-11 12:48:07,355 INFO Evaluating concoct-Oral-sample-16.All, sample Oral-sample-16, genome binning
2026-08-11 12:48:07,355 INFO Loading Oral-sample-16 of concoct-Oral-sample-16.All
2026-08-11 12:48:07,477 WARNING 9045 sequences in concoct-Oral-sample-16.All not found in the gold standard.
2026-08-11 12:48:07,666 INFO Evaluating metabat2-Oral-sample-16.All, sample Oral-sample-16, genome binning
2026-08-11 12:48:07,666 INFO Loading Oral-sample-16 of metabat2-Oral-sample-16.All
2026-08-11 12:48:07,777 WARNING 2824 sequences in metabat2-Oral-sample-16.All not found in the gold standard.
2026-08-11 12:48:07,961 INFO Evaluating semibin2-Oral-sample-16.All, sample Oral-sample-16, genome binning
2026-08-11 12:48:07,961 INFO Loading Oral-sample-16 of semibin2-Oral-sample-16.All
2026-08-11 12:48:08,070 WARNING 1225 sequences in semibin2-Oral-sample-16.All not found in the gold standard.
2026-08-11 12:48:08,273 INFO Saving computed metrics
2026-08-11 12:48:08,320 INFO Creating genome binning plots
2026-08-11 12:48:12,652 INFO Creating HTML page
2026-08-11 12:48:13,475 INFO AMBER finished successfully. All results have been saved to /mnt/ME5024_PA2/shared/groups/ZHANGLU/AMBER-CAMI2-Other-Datasets-Results/AMBER-Oral-sample-16
AMBER completed Oral-sample-16; finished=Tue Aug 11 12:48:13 HKT 2026
