AMBER sample=Oral-sample-15; binners=5; started=Tue Aug 11 12:48:04 HKT 2026
2026-08-11 12:48:05,829 INFO Found @Version:0.9.1 in concoct-Oral-sample-15.All
2026-08-11 12:48:05,829 INFO Found @SampleID:Oral-sample-15 in concoct-Oral-sample-15.All
2026-08-11 12:48:05,829 INFO Found @Version:0.9.1 in metabat2-Oral-sample-15.All
2026-08-11 12:48:05,829 INFO Found @SampleID:Oral-sample-15 in metabat2-Oral-sample-15.All
2026-08-11 12:48:05,830 INFO Found @Version:0.9.1 in completebin-Oral-sample-15.All
2026-08-11 12:48:05,830 INFO Found @SampleID:Oral-sample-15 in completebin-Oral-sample-15.All
2026-08-11 12:48:05,830 INFO Found @Version:0.9.1 in semibin2-Oral-sample-15.All
2026-08-11 12:48:05,829 INFO Found @Version:0.9.1 in comebin-Oral-sample-15.All
2026-08-11 12:48:05,830 INFO Found @Version:0.9.1 in Gold standard
2026-08-11 12:48:05,831 INFO Found @SampleID:Oral-sample-15 in semibin2-Oral-sample-15.All
2026-08-11 12:48:05,833 INFO Found @SampleID:Oral-sample-15 in comebin-Oral-sample-15.All
2026-08-11 12:48:05,833 INFO Found @SampleID:Oral-sample-15 in Gold standard
2026-08-11 12:48:05,849 INFO Creating output directories
2026-08-11 12:48:05,851 INFO Loading Oral-sample-15 of Gold standard
2026-08-11 12:48:05,881 INFO Evaluating Gold standard, sample Oral-sample-15, genome binning
2026-08-11 12:48:05,881 INFO Loading Oral-sample-15 of Gold standard
2026-08-11 12:48:06,146 INFO Evaluating comebin-Oral-sample-15.All, sample Oral-sample-15, genome binning
2026-08-11 12:48:06,146 INFO Loading Oral-sample-15 of comebin-Oral-sample-15.All
2026-08-11 12:48:06,244 WARNING 9640 sequences in comebin-Oral-sample-15.All not found in the gold standard.
2026-08-11 12:48:06,387 INFO Evaluating completebin-Oral-sample-15.All, sample Oral-sample-15, genome binning
2026-08-11 12:48:06,387 INFO Loading Oral-sample-15 of completebin-Oral-sample-15.All
2026-08-11 12:48:06,493 WARNING 16037 sequences in completebin-Oral-sample-15.All not found in the gold standard.
2026-08-11 12:48:06,638 INFO Evaluating concoct-Oral-sample-15.All, sample Oral-sample-15, genome binning
2026-08-11 12:48:06,638 INFO Loading Oral-sample-15 of concoct-Oral-sample-15.All
2026-08-11 12:48:06,736 WARNING 10426 sequences in concoct-Oral-sample-15.All not found in the gold standard.
2026-08-11 12:48:06,958 INFO Evaluating metabat2-Oral-sample-15.All, sample Oral-sample-15, genome binning
2026-08-11 12:48:06,958 INFO Loading Oral-sample-15 of metabat2-Oral-sample-15.All
2026-08-11 12:48:07,052 WARNING 2736 sequences in metabat2-Oral-sample-15.All not found in the gold standard.
2026-08-11 12:48:07,191 INFO Evaluating semibin2-Oral-sample-15.All, sample Oral-sample-15, genome binning
2026-08-11 12:48:07,191 INFO Loading Oral-sample-15 of semibin2-Oral-sample-15.All
2026-08-11 12:48:07,280 WARNING 700 sequences in semibin2-Oral-sample-15.All not found in the gold standard.
2026-08-11 12:48:07,433 INFO Saving computed metrics
2026-08-11 12:48:07,470 INFO Creating genome binning plots
2026-08-11 12:48:11,562 INFO Creating HTML page
2026-08-11 12:48:12,374 INFO AMBER finished successfully. All results have been saved to /mnt/ME5024_PA2/shared/groups/ZHANGLU/AMBER-CAMI2-Other-Datasets-Results/AMBER-Oral-sample-15
AMBER completed Oral-sample-15; finished=Tue Aug 11 12:48:12 HKT 2026
