AMBER sample=Skin-sample-20; binners=5; started=Tue Aug 11 12:48:52 HKT 2026
2026-08-11 12:48:54,104 INFO Found @Version:0.9.1 in metabat2-Skin-sample-20.All
2026-08-11 12:48:54,105 INFO Found @SampleID:Skin-sample-20 in metabat2-Skin-sample-20.All
2026-08-11 12:48:54,105 INFO Found @Version:0.9.1 in Gold standard
2026-08-11 12:48:54,105 INFO Found @Version:0.9.1 in semibin2-Skin-sample-20.All
2026-08-11 12:48:54,106 INFO Found @SampleID:Skin-sample-20 in semibin2-Skin-sample-20.All
2026-08-11 12:48:54,106 INFO Found @Version:0.9.1 in concoct-Skin-sample-20.All
2026-08-11 12:48:54,106 INFO Found @SampleID:Skin-sample-20 in Gold standard
2026-08-11 12:48:54,107 INFO Found @Version:0.9.1 in completebin-Skin-sample-20.All
2026-08-11 12:48:54,106 INFO Found @Version:0.9.1 in comebin-Skin-sample-20.All
2026-08-11 12:48:54,107 INFO Found @SampleID:Skin-sample-20 in concoct-Skin-sample-20.All
2026-08-11 12:48:54,108 INFO Found @SampleID:Skin-sample-20 in completebin-Skin-sample-20.All
2026-08-11 12:48:54,109 INFO Found @SampleID:Skin-sample-20 in comebin-Skin-sample-20.All
2026-08-11 12:48:54,131 INFO Creating output directories
2026-08-11 12:48:54,133 INFO Loading Skin-sample-20 of Gold standard
2026-08-11 12:48:54,170 INFO Evaluating Gold standard, sample Skin-sample-20, genome binning
2026-08-11 12:48:54,170 INFO Loading Skin-sample-20 of Gold standard
2026-08-11 12:48:54,495 INFO Evaluating comebin-Skin-sample-20.All, sample Skin-sample-20, genome binning
2026-08-11 12:48:54,495 INFO Loading Skin-sample-20 of comebin-Skin-sample-20.All
2026-08-11 12:48:54,620 WARNING 12217 sequences in comebin-Skin-sample-20.All not found in the gold standard.
2026-08-11 12:48:54,791 INFO Evaluating completebin-Skin-sample-20.All, sample Skin-sample-20, genome binning
2026-08-11 12:48:54,791 INFO Loading Skin-sample-20 of completebin-Skin-sample-20.All
2026-08-11 12:48:54,919 WARNING 18182 sequences in completebin-Skin-sample-20.All not found in the gold standard.
2026-08-11 12:48:55,165 INFO Evaluating concoct-Skin-sample-20.All, sample Skin-sample-20, genome binning
2026-08-11 12:48:55,165 INFO Loading Skin-sample-20 of concoct-Skin-sample-20.All
2026-08-11 12:48:55,292 WARNING 12261 sequences in concoct-Skin-sample-20.All not found in the gold standard.
2026-08-11 12:48:55,462 INFO Evaluating metabat2-Skin-sample-20.All, sample Skin-sample-20, genome binning
2026-08-11 12:48:55,462 INFO Loading Skin-sample-20 of metabat2-Skin-sample-20.All
2026-08-11 12:48:55,577 WARNING 2613 sequences in metabat2-Skin-sample-20.All not found in the gold standard.
2026-08-11 12:48:55,742 INFO Evaluating semibin2-Skin-sample-20.All, sample Skin-sample-20, genome binning
2026-08-11 12:48:55,742 INFO Loading Skin-sample-20 of semibin2-Skin-sample-20.All
2026-08-11 12:48:55,854 WARNING 845 sequences in semibin2-Skin-sample-20.All not found in the gold standard.
2026-08-11 12:48:56,033 INFO Saving computed metrics
2026-08-11 12:48:56,073 INFO Creating genome binning plots
2026-08-11 12:49:00,312 INFO Creating HTML page
2026-08-11 12:49:01,141 INFO AMBER finished successfully. All results have been saved to /mnt/ME5024_PA2/shared/groups/ZHANGLU/AMBER-CAMI2-Other-Datasets-Results/AMBER-Skin-sample-20
AMBER completed Skin-sample-20; finished=Tue Aug 11 12:49:01 HKT 2026
