AMBER sample=Skin-sample-28; binners=5; started=Tue Aug 11 12:48:53 HKT 2026
2026-08-11 12:48:54,811 INFO Found @Version:0.9.1 in concoct-Skin-sample-28.All
2026-08-11 12:48:54,811 INFO Found @SampleID:Skin-sample-28 in concoct-Skin-sample-28.All
2026-08-11 12:48:54,811 INFO Found @Version:0.9.1 in comebin-Skin-sample-28.All
2026-08-11 12:48:54,811 INFO Found @SampleID:Skin-sample-28 in comebin-Skin-sample-28.All
2026-08-11 12:48:54,811 INFO Found @Version:0.9.1 in metabat2-Skin-sample-28.All
2026-08-11 12:48:54,812 INFO Found @SampleID:Skin-sample-28 in metabat2-Skin-sample-28.All
2026-08-11 12:48:54,811 INFO Found @Version:0.9.1 in Gold standard
2026-08-11 12:48:54,812 INFO Found @SampleID:Skin-sample-28 in Gold standard
2026-08-11 12:48:54,811 INFO Found @Version:0.9.1 in semibin2-Skin-sample-28.All
2026-08-11 12:48:54,812 INFO Found @SampleID:Skin-sample-28 in semibin2-Skin-sample-28.All
2026-08-11 12:48:54,811 INFO Found @Version:0.9.1 in completebin-Skin-sample-28.All
2026-08-11 12:48:54,812 INFO Found @SampleID:Skin-sample-28 in completebin-Skin-sample-28.All
2026-08-11 12:48:54,815 INFO Creating output directories
2026-08-11 12:48:54,817 INFO Loading Skin-sample-28 of Gold standard
2026-08-11 12:48:54,826 INFO Evaluating Gold standard, sample Skin-sample-28, genome binning
2026-08-11 12:48:54,826 INFO Loading Skin-sample-28 of Gold standard
2026-08-11 12:48:54,927 INFO Evaluating comebin-Skin-sample-28.All, sample Skin-sample-28, genome binning
2026-08-11 12:48:54,928 INFO Loading Skin-sample-28 of comebin-Skin-sample-28.All
2026-08-11 12:48:54,939 WARNING 90 sequences in comebin-Skin-sample-28.All not found in the gold standard.
2026-08-11 12:48:55,018 INFO Evaluating completebin-Skin-sample-28.All, sample Skin-sample-28, genome binning
2026-08-11 12:48:55,018 INFO Loading Skin-sample-28 of completebin-Skin-sample-28.All
2026-08-11 12:48:55,030 WARNING 1080 sequences in completebin-Skin-sample-28.All not found in the gold standard.
2026-08-11 12:48:55,112 INFO Evaluating concoct-Skin-sample-28.All, sample Skin-sample-28, genome binning
2026-08-11 12:48:55,112 INFO Loading Skin-sample-28 of concoct-Skin-sample-28.All
2026-08-11 12:48:55,123 WARNING 398 sequences in concoct-Skin-sample-28.All not found in the gold standard.
2026-08-11 12:48:55,201 INFO Evaluating metabat2-Skin-sample-28.All, sample Skin-sample-28, genome binning
2026-08-11 12:48:55,201 INFO Loading Skin-sample-28 of metabat2-Skin-sample-28.All
2026-08-11 12:48:55,213 WARNING 130 sequences in metabat2-Skin-sample-28.All not found in the gold standard.
2026-08-11 12:48:55,291 INFO Evaluating semibin2-Skin-sample-28.All, sample Skin-sample-28, genome binning
2026-08-11 12:48:55,291 INFO Loading Skin-sample-28 of semibin2-Skin-sample-28.All
2026-08-11 12:48:55,303 WARNING 138 sequences in semibin2-Skin-sample-28.All not found in the gold standard.
2026-08-11 12:48:55,396 INFO Saving computed metrics
2026-08-11 12:48:55,426 INFO Creating genome binning plots
2026-08-11 12:48:59,232 INFO Creating HTML page
2026-08-11 12:49:00,012 INFO AMBER finished successfully. All results have been saved to /mnt/ME5024_PA2/shared/groups/ZHANGLU/AMBER-CAMI2-Other-Datasets-Results/AMBER-Skin-sample-28
AMBER completed Skin-sample-28; finished=Tue Aug 11 12:49:00 HKT 2026
