AMBER sample=Gastrointestinal_tract-sample-2; binners=5; started=Tue Aug 11 12:47:46 HKT 2026
2026-08-11 12:47:47,856 INFO Found @Version:0.9.1 in metabat2-Gastrointestinal_tract-sample-2.All
2026-08-11 12:47:47,856 INFO Found @SampleID:Gastrointestinal_tract-sample-2 in metabat2-Gastrointestinal_tract-sample-2.All
2026-08-11 12:47:47,856 INFO Found @Version:0.9.1 in comebin-Gastrointestinal_tract-sample-2.All
2026-08-11 12:47:47,856 INFO Found @SampleID:Gastrointestinal_tract-sample-2 in comebin-Gastrointestinal_tract-sample-2.All
2026-08-11 12:47:47,857 INFO Found @Version:0.9.1 in semibin2-Gastrointestinal_tract-sample-2.All
2026-08-11 12:47:47,857 INFO Found @SampleID:Gastrointestinal_tract-sample-2 in semibin2-Gastrointestinal_tract-sample-2.All
2026-08-11 12:47:47,857 INFO Found @Version:0.9.1 in Gold standard
2026-08-11 12:47:47,858 INFO Found @SampleID:Gastrointestinal_tract-sample-2 in Gold standard
2026-08-11 12:47:47,858 INFO Found @Version:0.9.1 in completebin-Gastrointestinal_tract-sample-2.All
2026-08-11 12:47:47,858 INFO Found @SampleID:Gastrointestinal_tract-sample-2 in completebin-Gastrointestinal_tract-sample-2.All
2026-08-11 12:47:47,858 INFO Found @Version:0.9.1 in concoct-Gastrointestinal_tract-sample-2.All
2026-08-11 12:47:47,858 INFO Found @SampleID:Gastrointestinal_tract-sample-2 in concoct-Gastrointestinal_tract-sample-2.All
2026-08-11 12:47:47,866 INFO Creating output directories
2026-08-11 12:47:47,868 INFO Loading Gastrointestinal_tract-sample-2 of Gold standard
2026-08-11 12:47:47,887 INFO Evaluating Gold standard, sample Gastrointestinal_tract-sample-2, genome binning
2026-08-11 12:47:47,887 INFO Loading Gastrointestinal_tract-sample-2 of Gold standard
2026-08-11 12:47:48,016 INFO Evaluating comebin-Gastrointestinal_tract-sample-2.All, sample Gastrointestinal_tract-sample-2, genome binning
2026-08-11 12:47:48,016 INFO Loading Gastrointestinal_tract-sample-2 of comebin-Gastrointestinal_tract-sample-2.All
2026-08-11 12:47:48,063 WARNING 4888 sequences in comebin-Gastrointestinal_tract-sample-2.All not found in the gold standard.
2026-08-11 12:47:48,136 INFO Evaluating completebin-Gastrointestinal_tract-sample-2.All, sample Gastrointestinal_tract-sample-2, genome binning
2026-08-11 12:47:48,136 INFO Loading Gastrointestinal_tract-sample-2 of completebin-Gastrointestinal_tract-sample-2.All
2026-08-11 12:47:48,186 WARNING 7737 sequences in completebin-Gastrointestinal_tract-sample-2.All not found in the gold standard.
2026-08-11 12:47:48,261 INFO Evaluating concoct-Gastrointestinal_tract-sample-2.All, sample Gastrointestinal_tract-sample-2, genome binning
2026-08-11 12:47:48,261 INFO Loading Gastrointestinal_tract-sample-2 of concoct-Gastrointestinal_tract-sample-2.All
2026-08-11 12:47:48,308 WARNING 4928 sequences in concoct-Gastrointestinal_tract-sample-2.All not found in the gold standard.
2026-08-11 12:47:48,380 INFO Evaluating metabat2-Gastrointestinal_tract-sample-2.All, sample Gastrointestinal_tract-sample-2, genome binning
2026-08-11 12:47:48,380 INFO Loading Gastrointestinal_tract-sample-2 of metabat2-Gastrointestinal_tract-sample-2.All
2026-08-11 12:47:48,424 WARNING 1300 sequences in metabat2-Gastrointestinal_tract-sample-2.All not found in the gold standard.
2026-08-11 12:47:48,493 INFO Evaluating semibin2-Gastrointestinal_tract-sample-2.All, sample Gastrointestinal_tract-sample-2, genome binning
2026-08-11 12:47:48,494 INFO Loading Gastrointestinal_tract-sample-2 of semibin2-Gastrointestinal_tract-sample-2.All
2026-08-11 12:47:48,536 WARNING 473 sequences in semibin2-Gastrointestinal_tract-sample-2.All not found in the gold standard.
2026-08-11 12:47:48,620 INFO Saving computed metrics
2026-08-11 12:47:48,648 INFO Creating genome binning plots
2026-08-11 12:47:52,535 INFO Creating HTML page
2026-08-11 12:47:53,301 INFO AMBER finished successfully. All results have been saved to /mnt/ME5024_PA2/shared/groups/ZHANGLU/AMBER-CAMI2-Other-Datasets-Results/AMBER-Gastrointestinal_tract-sample-2
AMBER completed Gastrointestinal_tract-sample-2; finished=Tue Aug 11 12:47:53 HKT 2026
