AMBER sample=Skin-sample-17; binners=5; started=Tue Aug 11 12:48:43 HKT 2026
2026-08-11 12:48:45,108 INFO Found @Version:0.9.1 in metabat2-Skin-sample-17.All
2026-08-11 12:48:45,108 INFO Found @SampleID:Skin-sample-17 in metabat2-Skin-sample-17.All
2026-08-11 12:48:45,108 INFO Found @Version:0.9.1 in Gold standard
2026-08-11 12:48:45,108 INFO Found @Version:0.9.1 in completebin-Skin-sample-17.All
2026-08-11 12:48:45,110 INFO Found @SampleID:Skin-sample-17 in completebin-Skin-sample-17.All
2026-08-11 12:48:45,109 INFO Found @SampleID:Skin-sample-17 in Gold standard
2026-08-11 12:48:45,110 INFO Found @Version:0.9.1 in semibin2-Skin-sample-17.All
2026-08-11 12:48:45,110 INFO Found @Version:0.9.1 in comebin-Skin-sample-17.All
2026-08-11 12:48:45,110 INFO Found @SampleID:Skin-sample-17 in semibin2-Skin-sample-17.All
2026-08-11 12:48:45,109 INFO Found @Version:0.9.1 in concoct-Skin-sample-17.All
2026-08-11 12:48:45,111 INFO Found @SampleID:Skin-sample-17 in concoct-Skin-sample-17.All
2026-08-11 12:48:45,110 INFO Found @SampleID:Skin-sample-17 in comebin-Skin-sample-17.All
2026-08-11 12:48:45,132 INFO Creating output directories
2026-08-11 12:48:45,134 INFO Loading Skin-sample-17 of Gold standard
2026-08-11 12:48:45,164 INFO Evaluating Gold standard, sample Skin-sample-17, genome binning
2026-08-11 12:48:45,164 INFO Loading Skin-sample-17 of Gold standard
2026-08-11 12:48:45,408 INFO Evaluating comebin-Skin-sample-17.All, sample Skin-sample-17, genome binning
2026-08-11 12:48:45,408 INFO Loading Skin-sample-17 of comebin-Skin-sample-17.All
2026-08-11 12:48:45,504 WARNING 14162 sequences in comebin-Skin-sample-17.All not found in the gold standard.
2026-08-11 12:48:45,629 INFO Evaluating completebin-Skin-sample-17.All, sample Skin-sample-17, genome binning
2026-08-11 12:48:45,630 INFO Loading Skin-sample-17 of completebin-Skin-sample-17.All
2026-08-11 12:48:45,736 WARNING 26552 sequences in completebin-Skin-sample-17.All not found in the gold standard.
2026-08-11 12:48:45,865 INFO Evaluating concoct-Skin-sample-17.All, sample Skin-sample-17, genome binning
2026-08-11 12:48:45,865 INFO Loading Skin-sample-17 of concoct-Skin-sample-17.All
2026-08-11 12:48:45,965 WARNING 17467 sequences in concoct-Skin-sample-17.All not found in the gold standard.
2026-08-11 12:48:46,089 INFO Evaluating metabat2-Skin-sample-17.All, sample Skin-sample-17, genome binning
2026-08-11 12:48:46,089 INFO Loading Skin-sample-17 of metabat2-Skin-sample-17.All
2026-08-11 12:48:46,179 WARNING 3491 sequences in metabat2-Skin-sample-17.All not found in the gold standard.
2026-08-11 12:48:46,374 INFO Evaluating semibin2-Skin-sample-17.All, sample Skin-sample-17, genome binning
2026-08-11 12:48:46,374 INFO Loading Skin-sample-17 of semibin2-Skin-sample-17.All
2026-08-11 12:48:46,459 WARNING 726 sequences in semibin2-Skin-sample-17.All not found in the gold standard.
2026-08-11 12:48:46,594 INFO Saving computed metrics
2026-08-11 12:48:46,629 INFO Creating genome binning plots
2026-08-11 12:48:50,508 INFO Creating HTML page
2026-08-11 12:48:51,422 INFO AMBER finished successfully. All results have been saved to /mnt/ME5024_PA2/shared/groups/ZHANGLU/AMBER-CAMI2-Other-Datasets-Results/AMBER-Skin-sample-17
AMBER completed Skin-sample-17; finished=Tue Aug 11 12:48:51 HKT 2026
