AMBER sample=Gastrointestinal_tract-sample-1; binners=5; started=Tue Aug 11 12:47:37 HKT 2026
2026-08-11 12:47:38,677 INFO Found @Version:0.9.1 in semibin2-Gastrointestinal_tract-sample-1.All
2026-08-11 12:47:38,677 INFO Found @SampleID:Gastrointestinal_tract-sample-1 in semibin2-Gastrointestinal_tract-sample-1.All
2026-08-11 12:47:38,677 INFO Found @Version:0.9.1 in completebin-Gastrointestinal_tract-sample-1.All
2026-08-11 12:47:38,677 INFO Found @SampleID:Gastrointestinal_tract-sample-1 in completebin-Gastrointestinal_tract-sample-1.All
2026-08-11 12:47:38,677 INFO Found @Version:0.9.1 in metabat2-Gastrointestinal_tract-sample-1.All
2026-08-11 12:47:38,678 INFO Found @SampleID:Gastrointestinal_tract-sample-1 in metabat2-Gastrointestinal_tract-sample-1.All
2026-08-11 12:47:38,677 INFO Found @Version:0.9.1 in concoct-Gastrointestinal_tract-sample-1.All
2026-08-11 12:47:38,679 INFO Found @SampleID:Gastrointestinal_tract-sample-1 in concoct-Gastrointestinal_tract-sample-1.All
2026-08-11 12:47:38,680 INFO Found @Version:0.9.1 in Gold standard
2026-08-11 12:47:38,683 INFO Found @SampleID:Gastrointestinal_tract-sample-1 in Gold standard
2026-08-11 12:47:38,681 INFO Found @Version:0.9.1 in comebin-Gastrointestinal_tract-sample-1.All
2026-08-11 12:47:38,683 INFO Found @SampleID:Gastrointestinal_tract-sample-1 in comebin-Gastrointestinal_tract-sample-1.All
2026-08-11 12:47:38,700 INFO Creating output directories
2026-08-11 12:47:38,705 INFO Loading Gastrointestinal_tract-sample-1 of Gold standard
2026-08-11 12:47:38,734 INFO Evaluating Gold standard, sample Gastrointestinal_tract-sample-1, genome binning
2026-08-11 12:47:38,734 INFO Loading Gastrointestinal_tract-sample-1 of Gold standard
2026-08-11 12:47:38,929 INFO Evaluating comebin-Gastrointestinal_tract-sample-1.All, sample Gastrointestinal_tract-sample-1, genome binning
2026-08-11 12:47:38,929 INFO Loading Gastrointestinal_tract-sample-1 of comebin-Gastrointestinal_tract-sample-1.All
2026-08-11 12:47:39,022 WARNING 12811 sequences in comebin-Gastrointestinal_tract-sample-1.All not found in the gold standard.
2026-08-11 12:47:39,113 INFO Evaluating completebin-Gastrointestinal_tract-sample-1.All, sample Gastrointestinal_tract-sample-1, genome binning
2026-08-11 12:47:39,113 INFO Loading Gastrointestinal_tract-sample-1 of completebin-Gastrointestinal_tract-sample-1.All
2026-08-11 12:47:39,213 WARNING 17922 sequences in completebin-Gastrointestinal_tract-sample-1.All not found in the gold standard.
2026-08-11 12:47:39,306 INFO Evaluating concoct-Gastrointestinal_tract-sample-1.All, sample Gastrointestinal_tract-sample-1, genome binning
2026-08-11 12:47:39,306 INFO Loading Gastrointestinal_tract-sample-1 of concoct-Gastrointestinal_tract-sample-1.All
2026-08-11 12:47:39,401 WARNING 13125 sequences in concoct-Gastrointestinal_tract-sample-1.All not found in the gold standard.
2026-08-11 12:47:39,490 INFO Evaluating metabat2-Gastrointestinal_tract-sample-1.All, sample Gastrointestinal_tract-sample-1, genome binning
2026-08-11 12:47:39,491 INFO Loading Gastrointestinal_tract-sample-1 of metabat2-Gastrointestinal_tract-sample-1.All
2026-08-11 12:47:39,576 WARNING 4129 sequences in metabat2-Gastrointestinal_tract-sample-1.All not found in the gold standard.
2026-08-11 12:47:39,662 INFO Evaluating semibin2-Gastrointestinal_tract-sample-1.All, sample Gastrointestinal_tract-sample-1, genome binning
2026-08-11 12:47:39,662 INFO Loading Gastrointestinal_tract-sample-1 of semibin2-Gastrointestinal_tract-sample-1.All
2026-08-11 12:47:39,747 WARNING 1161 sequences in semibin2-Gastrointestinal_tract-sample-1.All not found in the gold standard.
2026-08-11 12:47:39,847 INFO Saving computed metrics
2026-08-11 12:47:39,878 INFO Creating genome binning plots
2026-08-11 12:47:43,841 INFO Creating HTML page
2026-08-11 12:47:44,618 INFO AMBER finished successfully. All results have been saved to /mnt/ME5024_PA2/shared/groups/ZHANGLU/AMBER-CAMI2-Other-Datasets-Results/AMBER-Gastrointestinal_tract-sample-1
AMBER completed Gastrointestinal_tract-sample-1; finished=Tue Aug 11 12:47:44 HKT 2026
