AMBER sample=Airways-sample-9; binners=5; started=Tue Aug 11 12:47:36 HKT 2026
2026-08-11 12:47:37,980 INFO Found @Version:0.9.1 in semibin2-Airways-sample-9.All
2026-08-11 12:47:37,981 INFO Found @SampleID:Airways-sample-9 in semibin2-Airways-sample-9.All
2026-08-11 12:47:37,981 INFO Found @Version:0.9.1 in Gold standard
2026-08-11 12:47:37,981 INFO Found @SampleID:Airways-sample-9 in Gold standard
2026-08-11 12:47:37,981 INFO Found @Version:0.9.1 in concoct-Airways-sample-9.All
2026-08-11 12:47:37,981 INFO Found @SampleID:Airways-sample-9 in concoct-Airways-sample-9.All
2026-08-11 12:47:37,981 INFO Found @Version:0.9.1 in comebin-Airways-sample-9.All
2026-08-11 12:47:37,982 INFO Found @SampleID:Airways-sample-9 in comebin-Airways-sample-9.All
2026-08-11 12:47:37,982 INFO Found @Version:0.9.1 in metabat2-Airways-sample-9.All
2026-08-11 12:47:37,982 INFO Found @SampleID:Airways-sample-9 in metabat2-Airways-sample-9.All
2026-08-11 12:47:37,982 INFO Found @Version:0.9.1 in completebin-Airways-sample-9.All
2026-08-11 12:47:37,984 INFO Found @SampleID:Airways-sample-9 in completebin-Airways-sample-9.All
2026-08-11 12:47:37,993 INFO Creating output directories
2026-08-11 12:47:37,997 INFO Loading Airways-sample-9 of Gold standard
2026-08-11 12:47:38,019 INFO Evaluating Gold standard, sample Airways-sample-9, genome binning
2026-08-11 12:47:38,019 INFO Loading Airways-sample-9 of Gold standard
2026-08-11 12:47:38,255 INFO Evaluating comebin-Airways-sample-9.All, sample Airways-sample-9, genome binning
2026-08-11 12:47:38,255 INFO Loading Airways-sample-9 of comebin-Airways-sample-9.All
2026-08-11 12:47:38,315 WARNING 5022 sequences in comebin-Airways-sample-9.All not found in the gold standard.
2026-08-11 12:47:38,463 INFO Evaluating completebin-Airways-sample-9.All, sample Airways-sample-9, genome binning
2026-08-11 12:47:38,463 INFO Loading Airways-sample-9 of completebin-Airways-sample-9.All
2026-08-11 12:47:38,527 WARNING 8649 sequences in completebin-Airways-sample-9.All not found in the gold standard.
2026-08-11 12:47:38,752 INFO Evaluating concoct-Airways-sample-9.All, sample Airways-sample-9, genome binning
2026-08-11 12:47:38,752 INFO Loading Airways-sample-9 of concoct-Airways-sample-9.All
2026-08-11 12:47:38,812 WARNING 5057 sequences in concoct-Airways-sample-9.All not found in the gold standard.
2026-08-11 12:47:38,959 INFO Evaluating metabat2-Airways-sample-9.All, sample Airways-sample-9, genome binning
2026-08-11 12:47:38,959 INFO Loading Airways-sample-9 of metabat2-Airways-sample-9.All
2026-08-11 12:47:39,015 WARNING 1301 sequences in metabat2-Airways-sample-9.All not found in the gold standard.
2026-08-11 12:47:39,162 INFO Evaluating semibin2-Airways-sample-9.All, sample Airways-sample-9, genome binning
2026-08-11 12:47:39,162 INFO Loading Airways-sample-9 of semibin2-Airways-sample-9.All
2026-08-11 12:47:39,218 WARNING 306 sequences in semibin2-Airways-sample-9.All not found in the gold standard.
2026-08-11 12:47:39,378 INFO Saving computed metrics
2026-08-11 12:47:39,418 INFO Creating genome binning plots
2026-08-11 12:47:43,531 INFO Creating HTML page
2026-08-11 12:47:44,337 INFO AMBER finished successfully. All results have been saved to /mnt/ME5024_PA2/shared/groups/ZHANGLU/AMBER-CAMI2-Other-Datasets-Results/AMBER-Airways-sample-9
AMBER completed Airways-sample-9; finished=Tue Aug 11 12:47:44 HKT 2026
