AMBER sample=Airways-sample-26; binners=5; started=Tue Aug 11 12:47:26 HKT 2026
2026-08-11 12:47:28,139 INFO Found @Version:0.9.1 in metabat2-Airways-sample-26.All
2026-08-11 12:47:28,139 INFO Found @Version:0.9.1 in Gold standard
2026-08-11 12:47:28,139 INFO Found @SampleID:Airways-sample-26 in Gold standard
2026-08-11 12:47:28,139 INFO Found @Version:0.9.1 in semibin2-Airways-sample-26.All
2026-08-11 12:47:28,139 INFO Found @SampleID:Airways-sample-26 in semibin2-Airways-sample-26.All
2026-08-11 12:47:28,139 INFO Found @Version:0.9.1 in concoct-Airways-sample-26.All
2026-08-11 12:47:28,140 INFO Found @SampleID:Airways-sample-26 in concoct-Airways-sample-26.All
2026-08-11 12:47:28,139 INFO Found @SampleID:Airways-sample-26 in metabat2-Airways-sample-26.All
2026-08-11 12:47:28,139 INFO Found @Version:0.9.1 in completebin-Airways-sample-26.All
2026-08-11 12:47:28,140 INFO Found @SampleID:Airways-sample-26 in completebin-Airways-sample-26.All
2026-08-11 12:47:28,139 INFO Found @Version:0.9.1 in comebin-Airways-sample-26.All
2026-08-11 12:47:28,141 INFO Found @SampleID:Airways-sample-26 in comebin-Airways-sample-26.All
2026-08-11 12:47:28,151 INFO Creating output directories
2026-08-11 12:47:28,174 INFO Loading Airways-sample-26 of Gold standard
2026-08-11 12:47:28,197 INFO Evaluating Gold standard, sample Airways-sample-26, genome binning
2026-08-11 12:47:28,198 INFO Loading Airways-sample-26 of Gold standard
2026-08-11 12:47:28,405 INFO Evaluating comebin-Airways-sample-26.All, sample Airways-sample-26, genome binning
2026-08-11 12:47:28,406 INFO Loading Airways-sample-26 of comebin-Airways-sample-26.All
2026-08-11 12:47:28,458 WARNING 4010 sequences in comebin-Airways-sample-26.All not found in the gold standard.
2026-08-11 12:47:28,589 INFO Evaluating completebin-Airways-sample-26.All, sample Airways-sample-26, genome binning
2026-08-11 12:47:28,590 INFO Loading Airways-sample-26 of completebin-Airways-sample-26.All
2026-08-11 12:47:28,645 WARNING 6583 sequences in completebin-Airways-sample-26.All not found in the gold standard.
2026-08-11 12:47:28,777 INFO Evaluating concoct-Airways-sample-26.All, sample Airways-sample-26, genome binning
2026-08-11 12:47:28,777 INFO Loading Airways-sample-26 of concoct-Airways-sample-26.All
2026-08-11 12:47:28,828 WARNING 4071 sequences in concoct-Airways-sample-26.All not found in the gold standard.
2026-08-11 12:47:29,032 INFO Evaluating metabat2-Airways-sample-26.All, sample Airways-sample-26, genome binning
2026-08-11 12:47:29,032 INFO Loading Airways-sample-26 of metabat2-Airways-sample-26.All
2026-08-11 12:47:29,080 WARNING 904 sequences in metabat2-Airways-sample-26.All not found in the gold standard.
2026-08-11 12:47:29,207 INFO Evaluating semibin2-Airways-sample-26.All, sample Airways-sample-26, genome binning
2026-08-11 12:47:29,207 INFO Loading Airways-sample-26 of semibin2-Airways-sample-26.All
2026-08-11 12:47:29,255 WARNING 306 sequences in semibin2-Airways-sample-26.All not found in the gold standard.
2026-08-11 12:47:29,398 INFO Saving computed metrics
2026-08-11 12:47:29,437 INFO Creating genome binning plots
2026-08-11 12:47:33,562 INFO Creating HTML page
2026-08-11 12:47:34,387 INFO AMBER finished successfully. All results have been saved to /mnt/ME5024_PA2/shared/groups/ZHANGLU/AMBER-CAMI2-Other-Datasets-Results/AMBER-Airways-sample-26
AMBER completed Airways-sample-26; finished=Tue Aug 11 12:47:34 HKT 2026
