AMBER sample=Urogenital_tract-sample-0; binners=5; started=Tue Aug 11 12:49:00 HKT 2026
2026-08-11 12:49:01,614 INFO Found @Version:0.9.1 in concoct-Urogenital_tract-sample-0.All
2026-08-11 12:49:01,615 INFO Found @SampleID:Urogenital_tract-sample-0 in concoct-Urogenital_tract-sample-0.All
2026-08-11 12:49:01,615 INFO Found @Version:0.9.1 in metabat2-Urogenital_tract-sample-0.All
2026-08-11 12:49:01,615 INFO Found @SampleID:Urogenital_tract-sample-0 in metabat2-Urogenital_tract-sample-0.All
2026-08-11 12:49:01,615 INFO Found @Version:0.9.1 in Gold standard
2026-08-11 12:49:01,615 INFO Found @SampleID:Urogenital_tract-sample-0 in Gold standard
2026-08-11 12:49:01,615 INFO Found @Version:0.9.1 in semibin2-Urogenital_tract-sample-0.All
2026-08-11 12:49:01,616 INFO Found @SampleID:Urogenital_tract-sample-0 in semibin2-Urogenital_tract-sample-0.All
2026-08-11 12:49:01,614 INFO Found @Version:0.9.1 in comebin-Urogenital_tract-sample-0.All
2026-08-11 12:49:01,615 INFO Found @Version:0.9.1 in completebin-Urogenital_tract-sample-0.All
2026-08-11 12:49:01,619 INFO Found @SampleID:Urogenital_tract-sample-0 in completebin-Urogenital_tract-sample-0.All
2026-08-11 12:49:01,619 INFO Found @SampleID:Urogenital_tract-sample-0 in comebin-Urogenital_tract-sample-0.All
2026-08-11 12:49:01,626 INFO Creating output directories
2026-08-11 12:49:01,628 INFO Loading Urogenital_tract-sample-0 of Gold standard
2026-08-11 12:49:01,648 INFO Evaluating Gold standard, sample Urogenital_tract-sample-0, genome binning
2026-08-11 12:49:01,648 INFO Loading Urogenital_tract-sample-0 of Gold standard
2026-08-11 12:49:01,788 INFO Evaluating comebin-Urogenital_tract-sample-0.All, sample Urogenital_tract-sample-0, genome binning
2026-08-11 12:49:01,788 INFO Loading Urogenital_tract-sample-0 of comebin-Urogenital_tract-sample-0.All
2026-08-11 12:49:01,843 WARNING 4598 sequences in comebin-Urogenital_tract-sample-0.All not found in the gold standard.
2026-08-11 12:49:01,917 INFO Evaluating completebin-Urogenital_tract-sample-0.All, sample Urogenital_tract-sample-0, genome binning
2026-08-11 12:49:01,917 INFO Loading Urogenital_tract-sample-0 of completebin-Urogenital_tract-sample-0.All
2026-08-11 12:49:01,975 WARNING 7048 sequences in completebin-Urogenital_tract-sample-0.All not found in the gold standard.
2026-08-11 12:49:02,050 INFO Evaluating concoct-Urogenital_tract-sample-0.All, sample Urogenital_tract-sample-0, genome binning
2026-08-11 12:49:02,050 INFO Loading Urogenital_tract-sample-0 of concoct-Urogenital_tract-sample-0.All
2026-08-11 12:49:02,103 WARNING 4606 sequences in concoct-Urogenital_tract-sample-0.All not found in the gold standard.
2026-08-11 12:49:02,178 INFO Evaluating metabat2-Urogenital_tract-sample-0.All, sample Urogenital_tract-sample-0, genome binning
2026-08-11 12:49:02,178 INFO Loading Urogenital_tract-sample-0 of metabat2-Urogenital_tract-sample-0.All
2026-08-11 12:49:02,228 WARNING 1411 sequences in metabat2-Urogenital_tract-sample-0.All not found in the gold standard.
2026-08-11 12:49:02,300 INFO Evaluating semibin2-Urogenital_tract-sample-0.All, sample Urogenital_tract-sample-0, genome binning
2026-08-11 12:49:02,300 INFO Loading Urogenital_tract-sample-0 of semibin2-Urogenital_tract-sample-0.All
2026-08-11 12:49:02,348 WARNING 489 sequences in semibin2-Urogenital_tract-sample-0.All not found in the gold standard.
2026-08-11 12:49:02,435 INFO Saving computed metrics
2026-08-11 12:49:02,463 INFO Creating genome binning plots
2026-08-11 12:49:06,352 INFO Creating HTML page
2026-08-11 12:49:07,137 INFO AMBER finished successfully. All results have been saved to /mnt/ME5024_PA2/shared/groups/ZHANGLU/AMBER-CAMI2-Other-Datasets-Results/AMBER-Urogenital_tract-sample-0
AMBER completed Urogenital_tract-sample-0; finished=Tue Aug 11 12:49:07 HKT 2026
