============================================
CAMI2-other minimap2 mapping
Job ID       : 11821
Sample       : Skin-2017.12.04_18.56.22_sample_17
Contigs      : /mnt/ME5024_PA2/shared/groups/ZHANGLU/Data-CAMI2-others-datasets/Skin-2017.12.04_18.56.22_sample_17.contigs.fasta
Reference    : /mnt/ME5024_PA2/shared/groups/ZHANGLU/reference_genomes_fasta_collect/Skin_ref_genomes.fasta
Preset       : asm5
Threads      : 24
Output       : /mnt/ME5024_PA2/shared/groups/ZHANGLU/Result-CAMI2-Others-Datasets-Minimap2/Skin-2017.12.04_18.56.22_sample_17/Skin-2017.12.04_18.56.22_sample_17.to.Skin_ref_genomes.paf
Started      : Mon Aug 10 02:47:16 PM HKT 2026
============================================
[M::mm_idx_gen::35.016*1.32] collected minimizers
[M::mm_idx_gen::36.457*2.02] sorted minimizers
[M::main::36.457*2.02] loaded/built the index for 1433 target sequence(s)
[M::mm_mapopt_update::38.298*1.97] mid_occ = 133
[M::mm_idx_stat] kmer size: 19; skip: 19; is_hpc: 0; #seq: 1433
[M::mm_idx_stat::39.424*1.94] distinct minimizers: 176257152 (73.06% are singletons); average occurrences: 2.359; average spacing: 9.999; total length: 4157641544
[M::worker_pipeline::43.055*3.48] mapped 229632 sequences
[M::main] Version: 2.31-r1302
[M::main] CMD: minimap2 -x asm5 --secondary=no -t 24 /mnt/ME5024_PA2/shared/groups/ZHANGLU/reference_genomes_fasta_collect/Skin_ref_genomes.fasta /mnt/ME5024_PA2/shared/groups/ZHANGLU/Data-CAMI2-others-datasets/Skin-2017.12.04_18.56.22_sample_17.contigs.fasta
[M::main] Real time: 43.576 sec; CPU: 150.411 sec; Peak RSS: 15.111 GB
Finished: Mon Aug 10 02:48:00 PM HKT 2026
