Output depth matrix to /mnt/ME5024_PA2/shared/groups/ZHANGLU/Results_of_CAMI2_Other_datasets_other_binning_tools/CONCOCT/Oral/2017.12.04_18.45.54_sample_8/depth.txt
jgi_summarize_bam_contig_depths 2.18 20260506_185317
Running with 64 threads to save memory you can reduce the number of threads with the OMP_NUM_THREADS variable
Output matrix to /mnt/ME5024_PA2/shared/groups/ZHANGLU/Results_of_CAMI2_Other_datasets_other_binning_tools/CONCOCT/Oral/2017.12.04_18.45.54_sample_8/depth.txt
Not writing checkpoints, all depths will be in memory -- You can save memory by using --checkpoint
Opening all bam files and validating headers
Three are 208686 contigs in the first bam file: /mnt/ME5024_PA2/shared/groups/ZHANGLU/Data-CAMI2-others-datasets/Oral-2017.12.04_18.45.54_sample_8.sorted.bam
0: Processed header: /mnt/ME5024_PA2/shared/groups/ZHANGLU/Data-CAMI2-others-datasets/Oral-2017.12.04_18.45.54_sample_8.sorted.bamConsolidated header with 208686 contigs from 1 bam files.
Processing bam files with largest_contig=0
Thread 0 opening and reading the header for file: /mnt/ME5024_PA2/shared/groups/ZHANGLU/Data-CAMI2-others-datasets/Oral-2017.12.04_18.45.54_sample_8.sorted.bam
Thread 0 opened the file: /mnt/ME5024_PA2/shared/groups/ZHANGLU/Data-CAMI2-others-datasets/Oral-2017.12.04_18.45.54_sample_8.sorted.bam
Thread 0 processing bam 0: Oral-2017.12.04_18.45.54_sample_8.sorted.bam
Thread 0 finished reading bam 0: Oral-2017.12.04_18.45.54_sample_8.sorted.bam
Thread 0 finished: Oral-2017.12.04_18.45.54_sample_8.sorted.bam with 33425124 reads and 15916911 readsWellMapped (47.6196%)
Creating depth matrix file: /mnt/ME5024_PA2/shared/groups/ZHANGLU/Results_of_CAMI2_Other_datasets_other_binning_tools/CONCOCT/Oral/2017.12.04_18.45.54_sample_8/depth.txt
Closing last bam file
Finished
RUN: Oral-2017.12.04_18.45.54_sample_8; contigs=/mnt/ME5024_PA2/shared/groups/ZHANGLU/Data-CAMI2-others-datasets/Oral-2017.12.04_18.45.54_sample_8.contigs.fasta; bam=/mnt/ME5024_PA2/shared/groups/ZHANGLU/Data-CAMI2-others-datasets/Oral-2017.12.04_18.45.54_sample_8.sorted.bam; output=/mnt/ME5024_PA2/shared/groups/ZHANGLU/Results_of_CAMI2_Other_datasets_other_binning_tools/CONCOCT/Oral/2017.12.04_18.45.54_sample_8
Up and running. Check /mnt/ME5024_PA2/shared/groups/ZHANGLU/Results_of_CAMI2_Other_datasets_other_binning_tools/CONCOCT/Oral/2017.12.04_18.45.54_sample_8/log.txt for progress
Setting 64 OMP threads
Generate input data
0,-920329.435797,77942.702295
1,-859333.400971,60996.034826
2,-807486.470658,51846.930312
3,-747509.056910,59977.413749
4,-688737.072083,58771.984827
5,-647756.084194,40980.987889
6,-609794.060172,37962.024022
7,-582204.637744,27589.422428
8,-569637.030662,12567.607082
9,-563751.401625,5885.629037
10,-556240.656225,7510.745400
11,-551278.605231,4962.050994
12,-545434.632707,5843.972525
13,-545220.798455,213.834252
14,-544942.453871,278.344584
15,-543491.153341,1451.300530
16,-541086.674750,2404.478591
17,-540866.967209,219.707541
18,-540668.342969,198.624240
19,-540519.626342,148.716627
20,-540301.889007,217.737335
21,-539991.786138,310.102869
22,-538576.398859,1415.387279
23,-538251.991624,324.407236
24,-536818.620391,1433.371233
25,-536438.995015,379.625376
26,-534901.686438,1537.308577
27,-533535.486109,1366.200329
28,-532218.124617,1317.361492
29,-530922.755238,1295.369379
30,-528508.875073,2413.880165
31,-528328.931593,179.943479
32,-528062.215795,266.715799
33,-527811.333816,250.881979
34,-525386.575650,2424.758166
35,-525259.781659,126.793991
36,-525120.688801,139.092858
37,-522871.377924,2249.310877
38,-522862.236432,9.141492
39,-522825.982615,36.253817
40,-522778.638573,47.344042
41,-522736.160913,42.477660
42,-522724.932986,11.227927
43,-522708.605042,16.327944
44,-522715.131627,6.526586
45,-522703.498721,11.632906
46,-522683.054819,20.443903
47,-522652.747385,30.307433
48,-522642.219288,10.528098
49,-522656.863106,14.643818
50,-522634.243512,22.619594
51,-522581.314033,52.929480
52,-522479.817523,101.496509
53,-522377.126955,102.690569
54,-522147.751084,229.375871
55,-521898.290670,249.460414
56,-520662.507433,1235.783237
57,-520602.402253,60.105180
58,-520574.368029,28.034223
59,-520529.099031,45.268998
60,-519423.095013,1106.004019
61,-519426.581795,3.486782
62,-519421.321769,5.260026
63,-519418.276390,3.045378
64,-519410.212719,8.063672
65,-519409.627281,0.585438
66,-519403.513943,6.113338
67,-519403.811389,0.297446
68,-519395.963899,7.847490
69,-519392.234030,3.729869
70,-519399.228244,6.994214
71,-519399.961067,0.732822
72,-519401.174750,1.213683
73,-519402.494145,1.319395
74,-519402.870544,0.376400
75,-519403.281164,0.410619
76,-519404.761025,1.479861
77,-519406.866436,2.105411
78,-519408.326442,1.460006
79,-519407.811372,0.515070
80,-519406.821837,0.989535
81,-519406.877415,0.055578
82,-519407.945929,1.068515
83,-519410.393486,2.447557
84,-519411.991790,1.598303
85,-519411.916502,0.075288
86,-519412.154515,0.238013
87,-519411.411270,0.743245
88,-519416.987855,5.576585
89,-519420.159836,3.171982
90,-519420.615588,0.455751
91,-519421.790236,1.174648
92,-519424.106052,2.315816
93,-519424.852287,0.746235
94,-519426.653740,1.801453
95,-519428.777059,2.123320
96,-519428.589693,0.187366
97,-519426.542551,2.047143
98,-519424.843007,1.699544
99,-519423.821793,1.021214
100,-519423.201299,0.620494
101,-519422.926634,0.274665
102,-519423.194658,0.268023
103,-519423.551532,0.356875
104,-519422.450964,1.100568
105,-519421.680854,0.770110
106,-519421.279129,0.401725
107,-519421.084869,0.194261
108,-519421.226768,0.141899
109,-519421.742568,0.515800
110,-519421.826967,0.084400
111,-519421.492024,0.334943
112,-519421.591010,0.098986
113,-519421.924656,0.333646
114,-519422.204140,0.279484
115,-519422.201183,0.002957
116,-519422.051270,0.149913
117,-519421.936044,0.115226
118,-519421.875047,0.060997
119,-519421.856502,0.018545
120,-519421.885963,0.029461
121,-519421.998288,0.112324
122,-519422.302781,0.304493
123,-519423.088352,0.785571
124,-519423.915936,0.827584
125,-519423.081314,0.834623
126,-519422.982314,0.098999
127,-519423.112609,0.130295
128,-519423.248878,0.136269
129,-519423.440196,0.191318
130,-519423.741637,0.301440
131,-519424.228912,0.487275
132,-519424.945429,0.716517
133,-519425.627126,0.681697
134,-519425.870629,0.243503
135,-519425.984445,0.113816
136,-519426.260873,0.276428
137,-519426.787145,0.526272
138,-519427.735121,0.947976
139,-519428.657417,0.922296
140,-519428.439892,0.217526
141,-519428.341254,0.098638
142,-519428.453103,0.111849
143,-519428.596652,0.143549
144,-519428.756791,0.160139
145,-519428.935300,0.178510
146,-519429.133459,0.198158
147,-519429.348694,0.215235
148,-519429.572741,0.224046
149,-519429.791583,0.218843
150,-519429.989705,0.198122
151,-519430.159550,0.169844
152,-519430.313028,0.153479
153,-519430.490574,0.177545
154,-519430.757157,0.266583
155,-519431.139868,0.382711
156,-519431.477355,0.337487
157,-519431.622967,0.145612
158,-519431.904879,0.281911
159,-519433.015348,1.110469
160,-519434.047436,1.032089
161,-519432.674746,1.372691
162,-519432.587054,0.087692
163,-519432.786695,0.199641
164,-519433.062921,0.276227
165,-519432.769616,0.293305
166,-519432.128908,0.640708
167,-519432.739172,0.610263
168,-519432.650302,0.088870
169,-519431.406597,1.243704
170,-519431.398126,0.008471
171,-519430.641881,0.756245
172,-519430.428234,0.213647
173,-519430.259328,0.168906
174,-519429.999004,0.260324
175,-519429.639013,0.359991
176,-519429.154432,0.484581
177,-519428.490232,0.664200
178,-519427.566875,0.923357
179,-519426.394669,1.172207
180,-519425.410051,0.984618
181,-519425.024326,0.385725
182,-519424.735746,0.288580
183,-519424.280698,0.455048
184,-519423.683501,0.597198
185,-519423.007228,0.676273
186,-519422.348397,0.658830
187,-519421.772355,0.576042
188,-519421.228096,0.544259
189,-519420.483383,0.744713
190,-519419.120714,1.362669
191,-519418.134722,0.985993
192,-519417.595034,0.539688
193,-519417.602214,0.007180
194,-519417.601226,0.000987
195,-519417.567088,0.034139
196,-519417.532877,0.034211
197,-519417.512254,0.020623
198,-519417.511750,0.000504
199,-519417.536434,0.024684
12151 380 64
/mnt/ME5024_PA1/home/csbhzou/miniconda3/envs/concoct/bin/merge_cutup_clustering.py:17: SyntaxWarning: invalid escape sequence '\.'
  CONTIG_PART_EXPR = re.compile("(.*)\.concoct_part_([0-9]*)")
CONCOCT Step 1.
CONCOCT Step 2.
CONCOCT Step 3.
DONE: Oral-2017.12.04_18.45.54_sample_8
