============================================
CAMI2-other minimap2 mapping
Job ID       : 11833
Sample       : Urogenital_tract-2017.12.04_18.56.22_sample_3
Contigs      : /mnt/ME5024_PA2/shared/groups/ZHANGLU/Data-CAMI2-others-datasets/Urogenital_tract-2017.12.04_18.56.22_sample_3.contigs.fasta
Reference    : /mnt/ME5024_PA2/shared/groups/ZHANGLU/reference_genomes_fasta_collect/Urogenital_tract_ref_genomes.fasta
Preset       : asm5
Threads      : 24
Output       : /mnt/ME5024_PA2/shared/groups/ZHANGLU/Result-CAMI2-Others-Datasets-Minimap2/Urogenital_tract-2017.12.04_18.56.22_sample_3/Urogenital_tract-2017.12.04_18.56.22_sample_3.to.Urogenital_tract_ref_genomes.paf
Started      : Mon Aug 10 02:49:31 PM HKT 2026
============================================
[M::mm_idx_gen::34.921*1.33] collected minimizers
[M::mm_idx_gen::36.405*2.02] sorted minimizers
[M::main::36.405*2.02] loaded/built the index for 1433 target sequence(s)
[M::mm_mapopt_update::38.260*1.97] mid_occ = 133
[M::mm_idx_stat] kmer size: 19; skip: 19; is_hpc: 0; #seq: 1433
[M::mm_idx_stat::39.371*1.95] distinct minimizers: 176257152 (73.06% are singletons); average occurrences: 2.359; average spacing: 9.999; total length: 4157641544
[M::worker_pipeline::41.236*2.69] mapped 162120 sequences
[M::main] Version: 2.31-r1302
[M::main] CMD: minimap2 -x asm5 --secondary=no -t 24 /mnt/ME5024_PA2/shared/groups/ZHANGLU/reference_genomes_fasta_collect/Urogenital_tract_ref_genomes.fasta /mnt/ME5024_PA2/shared/groups/ZHANGLU/Data-CAMI2-others-datasets/Urogenital_tract-2017.12.04_18.56.22_sample_3.contigs.fasta
[M::main] Real time: 41.735 sec; CPU: 111.622 sec; Peak RSS: 14.402 GB
Finished: Mon Aug 10 02:50:13 PM HKT 2026
