Output depth matrix to /mnt/ME5024_PA2/shared/groups/ZHANGLU/Results_of_CAMI2_Other_datasets_other_binning_tools/CONCOCT/Oral/2017.12.04_18.45.54_sample_6/depth.txt
jgi_summarize_bam_contig_depths 2.18 20260506_185317
Running with 64 threads to save memory you can reduce the number of threads with the OMP_NUM_THREADS variable
Output matrix to /mnt/ME5024_PA2/shared/groups/ZHANGLU/Results_of_CAMI2_Other_datasets_other_binning_tools/CONCOCT/Oral/2017.12.04_18.45.54_sample_6/depth.txt
Not writing checkpoints, all depths will be in memory -- You can save memory by using --checkpoint
Opening all bam files and validating headers
Three are 101987 contigs in the first bam file: /mnt/ME5024_PA2/shared/groups/ZHANGLU/Data-CAMI2-others-datasets/Oral-2017.12.04_18.45.54_sample_6.sorted.bam
0: Processed header: /mnt/ME5024_PA2/shared/groups/ZHANGLU/Data-CAMI2-others-datasets/Oral-2017.12.04_18.45.54_sample_6.sorted.bamConsolidated header with 101987 contigs from 1 bam files.
Processing bam files with largest_contig=0
Thread 0 opening and reading the header for file: /mnt/ME5024_PA2/shared/groups/ZHANGLU/Data-CAMI2-others-datasets/Oral-2017.12.04_18.45.54_sample_6.sorted.bam
Thread 0 opened the file: /mnt/ME5024_PA2/shared/groups/ZHANGLU/Data-CAMI2-others-datasets/Oral-2017.12.04_18.45.54_sample_6.sorted.bam
Thread 0 processing bam 0: Oral-2017.12.04_18.45.54_sample_6.sorted.bam
Thread 0 finished reading bam 0: Oral-2017.12.04_18.45.54_sample_6.sorted.bam
Thread 0 finished: Oral-2017.12.04_18.45.54_sample_6.sorted.bam with 33411671 reads and 16605938 readsWellMapped (49.701%)
Creating depth matrix file: /mnt/ME5024_PA2/shared/groups/ZHANGLU/Results_of_CAMI2_Other_datasets_other_binning_tools/CONCOCT/Oral/2017.12.04_18.45.54_sample_6/depth.txt
Closing last bam file
Finished
RUN: Oral-2017.12.04_18.45.54_sample_6; contigs=/mnt/ME5024_PA2/shared/groups/ZHANGLU/Data-CAMI2-others-datasets/Oral-2017.12.04_18.45.54_sample_6.contigs.fasta; bam=/mnt/ME5024_PA2/shared/groups/ZHANGLU/Data-CAMI2-others-datasets/Oral-2017.12.04_18.45.54_sample_6.sorted.bam; output=/mnt/ME5024_PA2/shared/groups/ZHANGLU/Results_of_CAMI2_Other_datasets_other_binning_tools/CONCOCT/Oral/2017.12.04_18.45.54_sample_6
Up and running. Check /mnt/ME5024_PA2/shared/groups/ZHANGLU/Results_of_CAMI2_Other_datasets_other_binning_tools/CONCOCT/Oral/2017.12.04_18.45.54_sample_6/log.txt for progress
Setting 64 OMP threads
Generate input data
0,-1634466.627799,72339.809830
1,-1573020.316552,61446.311247
2,-1516282.214047,56738.102505
3,-1460435.709698,55846.504349
4,-1407881.779165,52553.930532
5,-1362474.798340,45406.980826
6,-1329188.420435,33286.377904
7,-1300036.419973,29152.000462
8,-1282259.913068,17776.506905
9,-1263953.345774,18306.567294
10,-1255749.776800,8203.568974
11,-1248158.295411,7591.481389
12,-1236618.912067,11539.383344
13,-1231375.999985,5242.912082
14,-1224216.728283,7159.271702
15,-1216428.465592,7788.262691
16,-1212021.882933,4406.582659
17,-1206075.524312,5946.358620
18,-1202259.936251,3815.588061
19,-1198855.556423,3404.379828
20,-1197367.940096,1487.616327
21,-1195109.759778,2258.180318
22,-1193737.304154,1372.455624
23,-1192462.303851,1275.000303
24,-1188595.760852,3866.542999
25,-1186608.766253,1986.994599
26,-1185509.596944,1099.169309
27,-1184425.101147,1084.495798
28,-1184262.673095,162.428052
29,-1183118.955067,1143.718028
30,-1181869.637921,1249.317145
31,-1181462.384563,407.253359
32,-1181229.955402,232.429161
33,-1181182.619001,47.336401
34,-1181140.809842,41.809159
35,-1181066.433596,74.376246
36,-1180087.338848,979.094748
37,-1180040.658994,46.679854
38,-1180037.759572,2.899422
39,-1180039.907362,2.147790
40,-1180028.382750,11.524612
41,-1180016.201201,12.181549
42,-1180038.567260,22.366059
43,-1180041.427902,2.860641
44,-1180026.379194,15.048708
45,-1180009.727573,16.651621
46,-1179997.367041,12.360532
47,-1179961.995432,35.371608
48,-1179955.492806,6.502626
49,-1179896.727701,58.765105
50,-1179783.148166,113.579535
51,-1179606.200030,176.948137
52,-1179437.548293,168.651737
53,-1179296.841141,140.707152
54,-1179166.860360,129.980781
55,-1179067.589047,99.271313
56,-1179031.307055,36.281992
57,-1178945.992877,85.314177
58,-1178899.475151,46.517726
59,-1178833.256551,66.218600
60,-1178742.343978,90.912573
61,-1177777.364203,964.979776
62,-1177718.575354,58.788849
63,-1177625.036177,93.539177
64,-1177518.927168,106.109008
65,-1177354.025608,164.901561
66,-1177156.671942,197.353666
67,-1176956.257517,200.414425
68,-1176773.614697,182.642821
69,-1176540.450144,233.164553
70,-1176239.542038,300.908106
71,-1176089.975186,149.566852
72,-1175102.088401,987.886784
73,-1175021.237332,80.851070
74,-1174006.133578,1015.103753
75,-1173842.170367,163.963211
76,-1173602.651462,239.518905
77,-1173257.415666,345.235796
78,-1172888.205690,369.209976
79,-1172636.719390,251.486300
80,-1172489.768368,146.951022
81,-1172451.148447,38.619921
82,-1172457.285898,6.137450
83,-1172475.421369,18.135471
84,-1172509.538839,34.117470
85,-1172541.134845,31.596006
86,-1172586.642503,45.507658
87,-1172618.983453,32.340950
88,-1172671.210879,52.227426
89,-1172660.999491,10.211388
90,-1172671.550035,10.550544
91,-1172672.257013,0.706977
92,-1172705.432499,33.175487
93,-1172700.482002,4.950498
94,-1172701.651912,1.169910
95,-1172690.683605,10.968306
96,-1172673.765814,16.917792
97,-1172648.314759,25.451055
98,-1172642.999577,5.315182
99,-1172647.314781,4.315204
100,-1172603.331614,43.983167
101,-1172565.549814,37.781800
102,-1172508.664545,56.885269
103,-1172408.048595,100.615950
104,-1172295.553986,112.494609
105,-1172169.729775,125.824211
106,-1172027.043170,142.686605
107,-1171938.586494,88.456676
108,-1171890.164343,48.422151
109,-1171847.207087,42.957256
110,-1171804.460524,42.746564
111,-1171768.098338,36.362186
112,-1171743.137518,24.960820
113,-1171735.971692,7.165826
114,-1171714.386474,21.585218
115,-1171736.229588,21.843114
116,-1171724.719485,11.510103
117,-1171698.950041,25.769443
118,-1171667.907767,31.042274
119,-1171657.307136,10.600632
120,-1171654.700556,2.606579
121,-1171658.410245,3.709689
122,-1171643.004175,15.406069
123,-1171606.336497,36.667678
124,-1170720.363245,885.973252
125,-1170721.214185,0.850940
126,-1170705.118696,16.095489
127,-1170721.312857,16.194162
128,-1170728.173941,6.861084
129,-1170730.262097,2.088155
130,-1170735.742422,5.480326
131,-1170738.658336,2.915914
132,-1170741.597838,2.939502
133,-1170742.509547,0.911709
134,-1170741.340147,1.169401
135,-1170738.459578,2.880568
136,-1170725.332136,13.127442
137,-1170716.343855,8.988281
138,-1170707.776122,8.567732
139,-1170712.547809,4.771686
140,-1170709.916500,2.631309
141,-1170705.379132,4.537368
142,-1170706.855790,1.476658
143,-1170698.234479,8.621311
144,-1170693.665051,4.569428
145,-1170686.608836,7.056215
146,-1170676.312013,10.296823
147,-1170678.277244,1.965231
148,-1170675.912450,2.364794
149,-1170671.721979,4.190472
150,-1170662.279256,9.442723
151,-1170664.545958,2.266702
152,-1170660.667063,3.878895
153,-1170648.258146,12.408917
154,-1170639.412111,8.846034
155,-1170643.945113,4.533002
156,-1170635.093798,8.851315
157,-1170638.148090,3.054292
158,-1170641.094477,2.946387
159,-1170642.096597,1.002120
160,-1170642.219381,0.122785
161,-1170640.988075,1.231306
162,-1170637.402838,3.585237
163,-1170625.201374,12.201465
164,-1170613.680985,11.520389
165,-1170617.041665,3.360680
166,-1170617.914848,0.873183
167,-1170616.377253,1.537595
168,-1170623.560569,7.183317
169,-1170623.925484,0.364915
170,-1170623.485529,0.439956
171,-1170624.622149,1.136621
172,-1170620.807691,3.814458
173,-1170620.302561,0.505130
174,-1170620.231773,0.070788
175,-1170620.386964,0.155191
176,-1170620.690561,0.303597
177,-1170621.035378,0.344817
178,-1170621.301304,0.265926
179,-1170621.461576,0.160272
180,-1170622.261965,0.800389
181,-1170621.029804,1.232161
182,-1170620.835492,0.194312
183,-1170618.610258,2.225234
184,-1170617.751888,0.858370
185,-1170621.402012,3.650125
186,-1170622.520552,1.118540
187,-1170625.321042,2.800490
188,-1170616.344343,8.976699
189,-1170613.992081,2.352262
190,-1170603.968461,10.023620
191,-1170599.198349,4.770112
192,-1170601.545883,2.347534
193,-1170603.648077,2.102194
194,-1170601.433908,2.214169
195,-1170598.791835,2.642073
196,-1170604.345691,5.553857
197,-1170605.512407,1.166716
198,-1170605.728390,0.215983
199,-1170605.691295,0.037095
28488 891 64
/mnt/ME5024_PA1/home/csbhzou/miniconda3/envs/concoct/bin/merge_cutup_clustering.py:17: SyntaxWarning: invalid escape sequence '\.'
  CONTIG_PART_EXPR = re.compile("(.*)\.concoct_part_([0-9]*)")
CONCOCT Step 1.
CONCOCT Step 2.
CONCOCT Step 3.
DONE: Oral-2017.12.04_18.45.54_sample_6
