Output depth matrix to /mnt/ME5024_PA2/shared/groups/ZHANGLU/Results_of_CAMI2_Other_datasets_other_binning_tools/CONCOCT/Oral/2017.12.04_18.45.54_sample_16/depth.txt
jgi_summarize_bam_contig_depths 2.18 20260506_185317
Running with 64 threads to save memory you can reduce the number of threads with the OMP_NUM_THREADS variable
Output matrix to /mnt/ME5024_PA2/shared/groups/ZHANGLU/Results_of_CAMI2_Other_datasets_other_binning_tools/CONCOCT/Oral/2017.12.04_18.45.54_sample_16/depth.txt
Not writing checkpoints, all depths will be in memory -- You can save memory by using --checkpoint
Opening all bam files and validating headers
Three are 360964 contigs in the first bam file: /mnt/ME5024_PA2/shared/groups/ZHANGLU/Data-CAMI2-others-datasets/Oral-2017.12.04_18.45.54_sample_16.sorted.bam
0: Processed header: /mnt/ME5024_PA2/shared/groups/ZHANGLU/Data-CAMI2-others-datasets/Oral-2017.12.04_18.45.54_sample_16.sorted.bamConsolidated header with 360964 contigs from 1 bam files.
Processing bam files with largest_contig=0
Thread 0 opening and reading the header for file: /mnt/ME5024_PA2/shared/groups/ZHANGLU/Data-CAMI2-others-datasets/Oral-2017.12.04_18.45.54_sample_16.sorted.bam
Thread 0 opened the file: /mnt/ME5024_PA2/shared/groups/ZHANGLU/Data-CAMI2-others-datasets/Oral-2017.12.04_18.45.54_sample_16.sorted.bam
Thread 0 processing bam 0: Oral-2017.12.04_18.45.54_sample_16.sorted.bam
Thread 0 finished reading bam 0: Oral-2017.12.04_18.45.54_sample_16.sorted.bam
Thread 0 finished: Oral-2017.12.04_18.45.54_sample_16.sorted.bam with 33421651 reads and 15961930 readsWellMapped (47.7593%)
Creating depth matrix file: /mnt/ME5024_PA2/shared/groups/ZHANGLU/Results_of_CAMI2_Other_datasets_other_binning_tools/CONCOCT/Oral/2017.12.04_18.45.54_sample_16/depth.txt
Closing last bam file
Finished
RUN: Oral-2017.12.04_18.45.54_sample_16; contigs=/mnt/ME5024_PA2/shared/groups/ZHANGLU/Data-CAMI2-others-datasets/Oral-2017.12.04_18.45.54_sample_16.contigs.fasta; bam=/mnt/ME5024_PA2/shared/groups/ZHANGLU/Data-CAMI2-others-datasets/Oral-2017.12.04_18.45.54_sample_16.sorted.bam; output=/mnt/ME5024_PA2/shared/groups/ZHANGLU/Results_of_CAMI2_Other_datasets_other_binning_tools/CONCOCT/Oral/2017.12.04_18.45.54_sample_16
Up and running. Check /mnt/ME5024_PA2/shared/groups/ZHANGLU/Results_of_CAMI2_Other_datasets_other_binning_tools/CONCOCT/Oral/2017.12.04_18.45.54_sample_16/log.txt for progress
Setting 64 OMP threads
Generate input data
0,-845519.877952,48738.138952
1,-798952.901121,46566.976831
2,-762249.831953,36703.069168
3,-733724.824855,28525.007098
4,-709743.994179,23980.830675
5,-692184.627508,17559.366671
6,-679715.408944,12469.218565
7,-670980.706016,8734.702928
8,-664929.447709,6051.258307
9,-660398.871729,4530.575980
10,-657939.839508,2459.032221
11,-654750.852423,3188.987084
12,-652862.183926,1888.668497
13,-650081.627016,2780.556910
14,-648781.473711,1300.153305
15,-646901.743531,1879.730180
16,-646439.174584,462.568947
17,-646005.420298,433.754286
18,-644816.057752,1189.362546
19,-643688.329637,1127.728115
20,-642822.639609,865.690028
21,-642137.191330,685.448279
22,-642034.792980,102.398350
23,-641640.306728,394.486252
24,-641546.136747,94.169981
25,-641406.200177,139.936570
26,-640712.475804,693.724373
27,-640337.955991,374.519813
28,-639764.028361,573.927629
29,-639743.625619,20.402742
30,-639712.329070,31.296549
31,-639402.688503,309.640567
32,-638190.902340,1211.786163
33,-637893.382185,297.520155
34,-637236.644261,656.737924
35,-636882.070574,354.573687
36,-636854.922627,27.147947
37,-636790.659644,64.262983
38,-636471.683569,318.976075
39,-636150.584075,321.099494
40,-636096.479246,54.104828
41,-636028.204858,68.274389
42,-635743.820350,284.384508
43,-635479.114887,264.705463
44,-635471.769342,7.345545
45,-635479.894631,8.125289
46,-635487.304501,7.409871
47,-635485.001199,2.303303
48,-635482.744154,2.257045
49,-635465.497043,17.247111
50,-635456.688545,8.808498
51,-635461.374858,4.686313
52,-635456.169270,5.205588
53,-635453.691131,2.478139
54,-635461.922714,8.231583
55,-635465.438715,3.516001
56,-635460.388026,5.050689
57,-635456.703656,3.684370
58,-635449.472405,7.231252
59,-635453.668106,4.195701
60,-635468.065853,14.397748
61,-635472.033748,3.967895
62,-635475.667040,3.633292
63,-635488.866872,13.199832
64,-635500.972098,12.105226
65,-635499.584985,1.387113
66,-635485.631696,13.953289
67,-635486.540248,0.908551
68,-635490.227231,3.686983
69,-635492.617698,2.390467
70,-635486.155860,6.461838
71,-635474.498569,11.657291
72,-635473.228119,1.270450
73,-635475.239506,2.011387
74,-635475.441492,0.201986
75,-635473.897201,1.544291
76,-635469.555264,4.341937
77,-635464.823651,4.731614
78,-635460.717414,4.106237
79,-635459.591982,1.125431
80,-635459.342646,0.249337
81,-635459.018353,0.324293
82,-635459.094100,0.075747
83,-635458.608615,0.485484
84,-635455.269356,3.339259
85,-635453.559678,1.709678
86,-635452.164025,1.395653
87,-635449.339064,2.824960
88,-635447.501139,1.837926
89,-635445.764144,1.736994
90,-635441.452255,4.311890
91,-635435.886032,5.566223
92,-635432.944717,2.941315
93,-635433.481800,0.537083
94,-635434.509124,1.027324
95,-635434.304862,0.204262
96,-635428.979555,5.325307
97,-635432.287028,3.307473
98,-635433.459005,1.171977
99,-635434.432563,0.973558
100,-635435.013270,0.580707
101,-635435.587898,0.574628
102,-635436.924324,1.336426
103,-635439.223678,2.299355
104,-635441.182064,1.958386
105,-635442.854298,1.672234
106,-635444.698058,1.843760
107,-635446.572121,1.874063
108,-635448.179429,1.607308
109,-635449.090469,0.911040
110,-635449.175675,0.085206
111,-635452.377262,3.201587
112,-635458.604117,6.226855
113,-635461.138117,2.534000
114,-635464.482381,3.344264
115,-635467.118116,2.635734
116,-635468.697290,1.579174
117,-635470.473519,1.776229
118,-635473.180939,2.707420
119,-635476.496550,3.315611
120,-635479.017861,2.521311
121,-635481.111434,2.093573
122,-635483.125991,2.014557
123,-635485.239520,2.113529
124,-635486.669385,1.429865
125,-635487.211707,0.542322
126,-635487.884698,0.672991
127,-635488.608430,0.723732
128,-635488.009261,0.599169
129,-635485.191841,2.817420
130,-635479.177332,6.014508
131,-635473.017495,6.159837
132,-635467.175704,5.841792
133,-635458.907448,8.268256
134,-635448.839850,10.067598
135,-635439.455966,9.383883
136,-635432.278059,7.177907
137,-635426.864299,5.413760
138,-635421.311724,5.552575
139,-635419.699177,1.612546
140,-635417.687816,2.011361
141,-635413.783390,3.904426
142,-635410.863141,2.920249
143,-635408.315932,2.547210
144,-635406.831248,1.484684
145,-635406.711608,0.119640
146,-635406.575116,0.136492
147,-635403.797306,2.777809
148,-635401.470896,2.326410
149,-635400.024929,1.445967
150,-635398.858587,1.166343
151,-635398.359877,0.498709
152,-635399.811653,1.451776
153,-635402.458227,2.646574
154,-635404.504432,2.046204
155,-635406.508261,2.003829
156,-635408.218722,1.710461
157,-635408.941416,0.722694
158,-635408.453303,0.488113
159,-635407.049320,1.403982
160,-635406.059047,0.990273
161,-635405.801895,0.257152
162,-635405.945446,0.143552
163,-635406.461442,0.515996
164,-635407.480322,1.018880
165,-635409.529828,2.049506
166,-635412.230349,2.700521
167,-635409.920683,2.309666
168,-635407.645865,2.274818
169,-635407.374308,0.271557
170,-635407.491237,0.116930
171,-635406.632993,0.858245
172,-635405.014095,1.618898
173,-635403.852525,1.161570
174,-635403.168904,0.683621
175,-635402.732670,0.436234
176,-635402.471321,0.261349
177,-635402.334962,0.136359
178,-635402.269916,0.065047
179,-635402.238245,0.031671
180,-635402.215883,0.022362
181,-635402.192070,0.023813
182,-635402.182581,0.009489
183,-635402.202793,0.020212
184,-635402.197070,0.005723
185,-635402.251947,0.054877
186,-635402.442168,0.190222
187,-635402.525783,0.083615
188,-635402.238007,0.287777
189,-635401.682426,0.555580
190,-635401.143262,0.539164
191,-635400.726485,0.416778
192,-635400.413721,0.312764
193,-635400.174694,0.239027
194,-635399.991913,0.182781
195,-635399.857137,0.134777
196,-635399.766749,0.090388
197,-635399.720180,0.046568
198,-635399.719893,0.000287
199,-635399.772904,0.053011
22496 704 64
/mnt/ME5024_PA1/home/csbhzou/miniconda3/envs/concoct/bin/merge_cutup_clustering.py:17: SyntaxWarning: invalid escape sequence '\.'
  CONTIG_PART_EXPR = re.compile("(.*)\.concoct_part_([0-9]*)")
CONCOCT Step 1.
CONCOCT Step 2.
CONCOCT Step 3.
DONE: Oral-2017.12.04_18.45.54_sample_16
