============================================
CAMI2-other minimap2 mapping
Job ID       : 11801
Sample       : Gastrointestinal_tract-2017.12.04_18.45.54_sample_1
Contigs      : /mnt/ME5024_PA2/shared/groups/ZHANGLU/Data-CAMI2-others-datasets/Gastrointestinal_tract-2017.12.04_18.45.54_sample_1.contigs.fasta
Reference    : /mnt/ME5024_PA2/shared/groups/ZHANGLU/reference_genomes_fasta_collect/Gastrointestinal_tract_ref_genomes.fasta
Preset       : asm5
Threads      : 24
Output       : /mnt/ME5024_PA2/shared/groups/ZHANGLU/Result-CAMI2-Others-Datasets-Minimap2/Gastrointestinal_tract-2017.12.04_18.45.54_sample_1/Gastrointestinal_tract-2017.12.04_18.45.54_sample_1.to.Gastrointestinal_tract_ref_genomes.paf
Started      : Mon Aug 10 02:44:06 PM HKT 2026
============================================
[M::mm_idx_gen::25.813*1.35] collected minimizers
[M::mm_idx_gen::27.106*2.09] sorted minimizers
[M::main::27.106*2.09] loaded/built the index for 1132 target sequence(s)
[M::mm_mapopt_update::28.652*2.03] mid_occ = 90
[M::mm_idx_stat] kmer size: 19; skip: 19; is_hpc: 0; #seq: 1132
[M::mm_idx_stat::29.887*1.99] distinct minimizers: 124606515 (72.58% are singletons); average occurrences: 2.456; average spacing: 9.998; total length: 3059701951
[M::worker_pipeline::32.528*3.37] mapped 184323 sequences
[M::main] Version: 2.31-r1302
[M::main] CMD: minimap2 -x asm5 --secondary=no -t 24 /mnt/ME5024_PA2/shared/groups/ZHANGLU/reference_genomes_fasta_collect/Gastrointestinal_tract_ref_genomes.fasta /mnt/ME5024_PA2/shared/groups/ZHANGLU/Data-CAMI2-others-datasets/Gastrointestinal_tract-2017.12.04_18.45.54_sample_1.contigs.fasta
[M::main] Real time: 33.066 sec; CPU: 110.054 sec; Peak RSS: 12.830 GB
Finished: Mon Aug 10 02:44:40 PM HKT 2026
