============================================
CAMI2-other minimap2 mapping
Job ID       : 11802
Sample       : Gastrointestinal_tract-2017.12.04_18.45.54_sample_2
Contigs      : /mnt/ME5024_PA2/shared/groups/ZHANGLU/Data-CAMI2-others-datasets/Gastrointestinal_tract-2017.12.04_18.45.54_sample_2.contigs.fasta
Reference    : /mnt/ME5024_PA2/shared/groups/ZHANGLU/reference_genomes_fasta_collect/Gastrointestinal_tract_ref_genomes.fasta
Preset       : asm5
Threads      : 24
Output       : /mnt/ME5024_PA2/shared/groups/ZHANGLU/Result-CAMI2-Others-Datasets-Minimap2/Gastrointestinal_tract-2017.12.04_18.45.54_sample_2/Gastrointestinal_tract-2017.12.04_18.45.54_sample_2.to.Gastrointestinal_tract_ref_genomes.paf
Started      : Mon Aug 10 02:44:09 PM HKT 2026
============================================
[M::mm_idx_gen::25.872*1.34] collected minimizers
[M::mm_idx_gen::27.137*2.08] sorted minimizers
[M::main::27.137*2.08] loaded/built the index for 1132 target sequence(s)
[M::mm_mapopt_update::28.675*2.02] mid_occ = 90
[M::mm_idx_stat] kmer size: 19; skip: 19; is_hpc: 0; #seq: 1132
[M::mm_idx_stat::29.905*1.98] distinct minimizers: 124606515 (72.58% are singletons); average occurrences: 2.456; average spacing: 9.998; total length: 3059701951
[M::worker_pipeline::31.901*3.14] mapped 88651 sequences
[M::main] Version: 2.31-r1302
[M::main] CMD: minimap2 -x asm5 --secondary=no -t 24 /mnt/ME5024_PA2/shared/groups/ZHANGLU/reference_genomes_fasta_collect/Gastrointestinal_tract_ref_genomes.fasta /mnt/ME5024_PA2/shared/groups/ZHANGLU/Data-CAMI2-others-datasets/Gastrointestinal_tract-2017.12.04_18.45.54_sample_2.contigs.fasta
[M::main] Real time: 32.436 sec; CPU: 100.781 sec; Peak RSS: 12.867 GB
Finished: Mon Aug 10 02:44:42 PM HKT 2026
