Output depth matrix to /mnt/ME5024_PA2/shared/groups/ZHANGLU/Results_of_CAMI2_Other_datasets_other_binning_tools/CONCOCT/Oral/2017.12.04_18.45.54_sample_19/depth.txt
jgi_summarize_bam_contig_depths 2.18 20260506_185317
Running with 64 threads to save memory you can reduce the number of threads with the OMP_NUM_THREADS variable
Output matrix to /mnt/ME5024_PA2/shared/groups/ZHANGLU/Results_of_CAMI2_Other_datasets_other_binning_tools/CONCOCT/Oral/2017.12.04_18.45.54_sample_19/depth.txt
Not writing checkpoints, all depths will be in memory -- You can save memory by using --checkpoint
Opening all bam files and validating headers
Three are 336194 contigs in the first bam file: /mnt/ME5024_PA2/shared/groups/ZHANGLU/Data-CAMI2-others-datasets/Oral-2017.12.04_18.45.54_sample_19.sorted.bam
0: Processed header: /mnt/ME5024_PA2/shared/groups/ZHANGLU/Data-CAMI2-others-datasets/Oral-2017.12.04_18.45.54_sample_19.sorted.bamConsolidated header with 336194 contigs from 1 bam files.
Processing bam files with largest_contig=0
Thread 0 opening and reading the header for file: /mnt/ME5024_PA2/shared/groups/ZHANGLU/Data-CAMI2-others-datasets/Oral-2017.12.04_18.45.54_sample_19.sorted.bam
Thread 0 opened the file: /mnt/ME5024_PA2/shared/groups/ZHANGLU/Data-CAMI2-others-datasets/Oral-2017.12.04_18.45.54_sample_19.sorted.bam
Thread 0 processing bam 0: Oral-2017.12.04_18.45.54_sample_19.sorted.bam
Thread 0 finished reading bam 0: Oral-2017.12.04_18.45.54_sample_19.sorted.bam
Thread 0 finished: Oral-2017.12.04_18.45.54_sample_19.sorted.bam with 33418510 reads and 16033445 readsWellMapped (47.9777%)
Creating depth matrix file: /mnt/ME5024_PA2/shared/groups/ZHANGLU/Results_of_CAMI2_Other_datasets_other_binning_tools/CONCOCT/Oral/2017.12.04_18.45.54_sample_19/depth.txt
Closing last bam file
Finished
RUN: Oral-2017.12.04_18.45.54_sample_19; contigs=/mnt/ME5024_PA2/shared/groups/ZHANGLU/Data-CAMI2-others-datasets/Oral-2017.12.04_18.45.54_sample_19.contigs.fasta; bam=/mnt/ME5024_PA2/shared/groups/ZHANGLU/Data-CAMI2-others-datasets/Oral-2017.12.04_18.45.54_sample_19.sorted.bam; output=/mnt/ME5024_PA2/shared/groups/ZHANGLU/Results_of_CAMI2_Other_datasets_other_binning_tools/CONCOCT/Oral/2017.12.04_18.45.54_sample_19
Up and running. Check /mnt/ME5024_PA2/shared/groups/ZHANGLU/Results_of_CAMI2_Other_datasets_other_binning_tools/CONCOCT/Oral/2017.12.04_18.45.54_sample_19/log.txt for progress
Setting 64 OMP threads
Generate input data
0,-722278.607562,39256.272648
1,-680140.456994,42138.150568
2,-643644.941534,36495.515460
3,-609018.703074,34626.238460
4,-583917.017743,25101.685331
5,-567510.117690,16406.900053
6,-560226.369954,7283.747736
7,-553102.501146,7123.868808
8,-550479.515643,2622.985503
9,-548324.110205,2155.405437
10,-545746.988186,2577.122020
11,-543765.161518,1981.826668
12,-542333.269826,1431.891692
13,-540955.775909,1377.493916
14,-539749.844913,1205.930996
15,-539091.292299,658.552614
16,-538557.196542,534.095757
17,-538084.398344,472.798198
18,-537642.984542,441.413801
19,-536951.094372,691.890170
20,-536445.067976,506.026396
21,-535837.305094,607.762882
22,-535291.114356,546.190738
23,-534397.946061,893.168295
24,-533789.005077,608.940984
25,-533622.652743,166.352335
26,-533093.058385,529.594358
27,-532748.474793,344.583592
28,-532572.772396,175.702397
29,-532235.760384,337.012012
30,-532176.381147,59.379237
31,-532163.882512,12.498635
32,-532080.108541,83.773971
33,-531777.222005,302.886536
34,-531267.328365,509.893640
35,-531215.878577,51.449788
36,-530970.985429,244.893149
37,-530920.816131,50.169298
38,-530677.447360,243.368771
39,-530698.242704,20.795345
40,-530695.062179,3.180526
41,-530678.545975,16.516204
42,-530673.949706,4.596269
43,-530676.254764,2.305057
44,-530666.923614,9.331149
45,-530661.125407,5.798207
46,-530655.687473,5.437935
47,-530654.289755,1.397718
48,-530651.530427,2.759328
49,-530645.679235,5.851191
50,-530655.367821,9.688586
51,-530658.908228,3.540407
52,-530660.509071,1.600843
53,-530651.765502,8.743569
54,-530639.839271,11.926231
55,-530640.065036,0.225765
56,-530640.616454,0.551418
57,-530637.473710,3.142743
58,-530629.891063,7.582647
59,-530615.279203,14.611860
60,-530599.887470,15.391734
61,-530604.188198,4.300729
62,-530602.552302,1.635897
63,-530600.193025,2.359276
64,-530599.103103,1.089922
65,-530594.486007,4.617096
66,-530592.294681,2.191326
67,-530590.304728,1.989952
68,-530586.774997,3.529731
69,-530582.635539,4.139458
70,-530579.367456,3.268083
71,-530576.313843,3.053613
72,-530572.687383,3.626460
73,-530569.106467,3.580916
74,-530558.172894,10.933573
75,-530555.188334,2.984560
76,-530551.206443,3.981892
77,-530544.966686,6.239756
78,-530537.780867,7.185820
79,-530533.360927,4.419940
80,-530525.962090,7.398837
81,-530521.196553,4.765536
82,-530515.756633,5.439920
83,-530505.162413,10.594220
84,-530489.830166,15.332247
85,-530483.824650,6.005516
86,-530483.721729,0.102921
87,-530482.854110,0.867618
88,-530480.702488,2.151623
89,-530479.552741,1.149747
90,-530477.416970,2.135772
91,-530474.196054,3.220915
92,-530470.297371,3.898683
93,-530465.933063,4.364308
94,-530461.335512,4.597551
95,-530457.029914,4.305598
96,-530453.304320,3.725594
97,-530448.986738,4.317582
98,-530443.011558,5.975179
99,-530424.859847,18.151711
100,-530182.106871,242.752976
101,-530182.001860,0.105011
102,-530175.457781,6.544079
103,-530166.499090,8.958690
104,-530156.959964,9.539127
105,-530145.691695,11.268269
106,-530131.453551,14.238144
107,-530112.397088,19.056463
108,-530090.722287,21.674801
109,-530073.327524,17.394762
110,-530059.147152,14.180373
111,-530045.289622,13.857529
112,-530015.945892,29.343731
113,-530001.662552,14.283340
114,-529991.273684,10.388868
115,-529987.973575,3.300109
116,-529996.131403,8.157828
117,-530002.692014,6.560611
118,-530003.948185,1.256171
119,-530009.554611,5.606426
120,-530023.801689,14.247078
121,-530028.012568,4.210879
122,-530019.824417,8.188151
123,-529993.466716,26.357701
124,-529758.472533,234.994183
125,-529764.837881,6.365348
126,-529776.572712,11.734831
127,-529781.517400,4.944688
128,-529783.590643,2.073244
129,-529778.991823,4.598821
130,-529769.664125,9.327698
131,-529764.771180,4.892945
132,-529759.526672,5.244507
133,-529753.865294,5.661379
134,-529760.501905,6.636612
135,-529762.796219,2.294314
136,-529766.644018,3.847799
137,-529765.647417,0.996601
138,-529763.237526,2.409891
139,-529765.061031,1.823506
140,-529767.933040,2.872009
141,-529768.706257,0.773217
142,-529768.890655,0.184398
143,-529768.881602,0.009054
144,-529768.096286,0.785316
145,-529766.274620,1.821666
146,-529762.993414,3.281207
147,-529759.747286,3.246127
148,-529754.223660,5.523626
149,-529759.805683,5.582023
150,-529761.846979,2.041295
151,-529758.528306,3.318673
152,-529758.274897,0.253409
153,-529756.480977,1.793920
154,-529764.917456,8.436479
155,-529767.817176,2.899720
156,-529767.892756,0.075580
157,-529767.614681,0.278075
158,-529767.074248,0.540433
159,-529766.205580,0.868668
160,-529764.687452,1.518128
161,-529762.737429,1.950023
162,-529764.493686,1.756257
163,-529765.635048,1.141362
164,-529765.324734,0.310314
165,-529764.803585,0.521149
166,-529764.199859,0.603726
167,-529763.513524,0.686335
168,-529762.662958,0.850566
169,-529761.494764,1.168194
170,-529760.157428,1.337336
171,-529759.484159,0.673269
172,-529758.611240,0.872919
173,-529758.305553,0.305687
174,-529759.961113,1.655560
175,-529760.894680,0.933567
176,-529761.244751,0.350071
177,-529761.237730,0.007021
178,-529760.895668,0.342062
179,-529760.230527,0.665142
180,-529759.868642,0.361885
181,-529760.169571,0.300930
182,-529760.325723,0.156152
183,-529760.362548,0.036825
184,-529760.317738,0.044810
185,-529760.177186,0.140551
186,-529759.862624,0.314562
187,-529759.176091,0.686534
188,-529757.705089,1.471001
189,-529755.731424,1.973665
190,-529756.391027,0.659603
191,-529757.860784,1.469757
192,-529758.642265,0.781481
193,-529759.057253,0.414989
194,-529759.285281,0.228028
195,-529759.410424,0.125143
196,-529759.471196,0.060772
197,-529759.482743,0.011547
198,-529759.445895,0.036848
199,-529759.347006,0.098889
18966 593 64
/mnt/ME5024_PA1/home/csbhzou/miniconda3/envs/concoct/bin/merge_cutup_clustering.py:17: SyntaxWarning: invalid escape sequence '\.'
  CONTIG_PART_EXPR = re.compile("(.*)\.concoct_part_([0-9]*)")
CONCOCT Step 1.
CONCOCT Step 2.
CONCOCT Step 3.
DONE: Oral-2017.12.04_18.45.54_sample_19
