WRITE	CONCOCT	Airways-sample-10	bins=52	contigs=9810
WRITE	CONCOCT	Airways-sample-11	bins=51	contigs=25046
WRITE	CONCOCT	Airways-sample-12	bins=32	contigs=5921
WRITE	CONCOCT	Airways-sample-23	bins=36	contigs=6843
WRITE	CONCOCT	Airways-sample-26	bins=51	contigs=9849
WRITE	CONCOCT	Airways-sample-27	bins=64	contigs=29068
WRITE	CONCOCT	Airways-sample-4	bins=62	contigs=22385
WRITE	CONCOCT	Airways-sample-7	bins=44	contigs=10321
WRITE	CONCOCT	Airways-sample-8	bins=44	contigs=7639
WRITE	CONCOCT	Airways-sample-9	bins=37	contigs=9894
WRITE	CONCOCT	Gastrointestinal_tract-sample-0	bins=36	contigs=13950
WRITE	CONCOCT	Gastrointestinal_tract-sample-1	bins=47	contigs=25568
WRITE	CONCOCT	Gastrointestinal_tract-sample-10	bins=60	contigs=31033
WRITE	CONCOCT	Gastrointestinal_tract-sample-11	bins=35	contigs=24382
WRITE	CONCOCT	Gastrointestinal_tract-sample-12	bins=41	contigs=13399
WRITE	CONCOCT	Gastrointestinal_tract-sample-2	bins=31	contigs=10036
WRITE	CONCOCT	Gastrointestinal_tract-sample-3	bins=56	contigs=20492
WRITE	CONCOCT	Gastrointestinal_tract-sample-4	bins=60	contigs=20133
WRITE	CONCOCT	Gastrointestinal_tract-sample-5	bins=26	contigs=9502
WRITE	CONCOCT	Gastrointestinal_tract-sample-9	bins=51	contigs=25084
WRITE	CONCOCT	Oral-sample-13	bins=53	contigs=16941
WRITE	CONCOCT	Oral-sample-14	bins=58	contigs=14642
WRITE	CONCOCT	Oral-sample-15	bins=52	contigs=20147
WRITE	CONCOCT	Oral-sample-16	bins=57	contigs=22496
WRITE	CONCOCT	Oral-sample-17	bins=47	contigs=21356
WRITE	CONCOCT	Oral-sample-18	bins=69	contigs=28270
WRITE	CONCOCT	Oral-sample-19	bins=45	contigs=18966
WRITE	CONCOCT	Oral-sample-6	bins=62	contigs=28488
WRITE	CONCOCT	Oral-sample-7	bins=32	contigs=12086
WRITE	CONCOCT	Oral-sample-8	bins=41	contigs=12151
WRITE	CONCOCT	Skin-sample-1	bins=47	contigs=19083
WRITE	CONCOCT	Skin-sample-13	bins=28	contigs=4450
WRITE	CONCOCT	Skin-sample-14	bins=44	contigs=13023
WRITE	CONCOCT	Skin-sample-15	bins=33	contigs=7721
WRITE	CONCOCT	Skin-sample-16	bins=35	contigs=1773
WRITE	CONCOCT	Skin-sample-17	bins=53	contigs=26931
WRITE	CONCOCT	Skin-sample-18	bins=54	contigs=19345
WRITE	CONCOCT	Skin-sample-19	bins=74	contigs=38474
WRITE	CONCOCT	Skin-sample-20	bins=57	contigs=26359
WRITE	CONCOCT	Skin-sample-28	bins=24	contigs=1699
WRITE	CONCOCT	Urogenital_tract-sample-0	bins=31	contigs=11395
WRITE	CONCOCT	Urogenital_tract-sample-2	bins=38	contigs=11602
WRITE	CONCOCT	Urogenital_tract-sample-21	bins=37	contigs=14331
WRITE	CONCOCT	Urogenital_tract-sample-22	bins=62	contigs=5890
WRITE	CONCOCT	Urogenital_tract-sample-24	bins=33	contigs=11111
WRITE	CONCOCT	Urogenital_tract-sample-25	bins=49	contigs=18223
WRITE	CONCOCT	Urogenital_tract-sample-3	bins=41	contigs=14003
WRITE	CONCOCT	Urogenital_tract-sample-5	bins=52	contigs=11482
WRITE	CONCOCT	Urogenital_tract-sample-6	bins=29	contigs=2346
WRITE	ComeBin	Airways-sample-10	bins=21	contigs=9709
WRITE	ComeBin	Airways-sample-11	bins=61	contigs=15980
WRITE	ComeBin	Airways-sample-12	bins=17	contigs=5813
WRITE	ComeBin	Airways-sample-23	bins=17	contigs=6834
WRITE	ComeBin	Airways-sample-26	bins=24	contigs=9714
WRITE	ComeBin	Airways-sample-27	bins=81	contigs=24334
WRITE	ComeBin	Airways-sample-4	bins=40	contigs=21672
WRITE	ComeBin	Airways-sample-7	bins=29	contigs=4233
WRITE	ComeBin	Airways-sample-8	bins=23	contigs=7568
WRITE	ComeBin	Airways-sample-9	bins=21	contigs=9834
WRITE	ComeBin	Gastrointestinal_tract-sample-0	bins=26	contigs=13556
WRITE	ComeBin	Gastrointestinal_tract-sample-1	bins=33	contigs=25024
WRITE	ComeBin	Gastrointestinal_tract-sample-10	bins=76	contigs=25886
WRITE	ComeBin	Gastrointestinal_tract-sample-11	bins=27	contigs=24309
WRITE	ComeBin	Gastrointestinal_tract-sample-12	bins=62	contigs=12587
WRITE	ComeBin	Gastrointestinal_tract-sample-2	bins=18	contigs=9966
WRITE	ComeBin	Gastrointestinal_tract-sample-3	bins=38	contigs=19453
WRITE	ComeBin	Gastrointestinal_tract-sample-4	bins=31	contigs=20130
WRITE	ComeBin	Gastrointestinal_tract-sample-5	bins=28	contigs=9459
WRITE	ComeBin	Gastrointestinal_tract-sample-9	bins=38	contigs=24687
WRITE	ComeBin	Oral-sample-13	bins=40	contigs=16708
WRITE	ComeBin	Oral-sample-14	bins=38	contigs=13957
WRITE	ComeBin	Oral-sample-15	bins=39	contigs=19092
WRITE	ComeBin	Oral-sample-16	bins=70	contigs=20071
WRITE	ComeBin	Oral-sample-17	bins=67	contigs=16913
WRITE	ComeBin	Oral-sample-18	bins=63	contigs=27713
WRITE	ComeBin	Oral-sample-19	bins=52	contigs=18623
WRITE	ComeBin	Oral-sample-6	bins=47	contigs=25987
WRITE	ComeBin	Oral-sample-7	bins=34	contigs=10598
WRITE	ComeBin	Oral-sample-8	bins=36	contigs=11699
WRITE	ComeBin	Skin-sample-1	bins=27	contigs=18912
WRITE	ComeBin	Skin-sample-13	bins=15	contigs=4415
WRITE	ComeBin	Skin-sample-14	bins=57	contigs=11095
WRITE	ComeBin	Skin-sample-15	bins=18	contigs=7463
WRITE	ComeBin	Skin-sample-16	bins=17	contigs=1438
WRITE	ComeBin	Skin-sample-17	bins=66	contigs=22475
WRITE	ComeBin	Skin-sample-18	bins=27	contigs=19135
WRITE	ComeBin	Skin-sample-19	bins=89	contigs=32601
WRITE	ComeBin	Skin-sample-20	bins=33	contigs=26265
WRITE	ComeBin	Skin-sample-28	bins=15	contigs=768
WRITE	ComeBin	Urogenital_tract-sample-0	bins=21	contigs=11378
WRITE	ComeBin	Urogenital_tract-sample-2	bins=29	contigs=11546
WRITE	ComeBin	Urogenital_tract-sample-21	bins=22	contigs=14253
WRITE	ComeBin	Urogenital_tract-sample-22	bins=19	contigs=5816
WRITE	ComeBin	Urogenital_tract-sample-24	bins=23	contigs=11096
WRITE	ComeBin	Urogenital_tract-sample-25	bins=77	contigs=15018
WRITE	ComeBin	Urogenital_tract-sample-3	bins=34	contigs=13481
WRITE	ComeBin	Urogenital_tract-sample-5	bins=43	contigs=11069
WRITE	ComeBin	Urogenital_tract-sample-6	bins=15	contigs=2344
WRITE	MetaBAT2	Airways-sample-10	bins=15	contigs=2688
WRITE	MetaBAT2	Airways-sample-11	bins=24	contigs=9092
WRITE	MetaBAT2	Airways-sample-12	bins=10	contigs=1518
WRITE	MetaBAT2	Airways-sample-23	bins=12	contigs=2350
WRITE	MetaBAT2	Airways-sample-26	bins=17	contigs=4350
WRITE	MetaBAT2	Airways-sample-27	bins=36	contigs=10510
WRITE	MetaBAT2	Airways-sample-4	bins=26	contigs=8792
WRITE	MetaBAT2	Airways-sample-7	bins=14	contigs=3221
WRITE	MetaBAT2	Airways-sample-8	bins=19	contigs=2539
WRITE	MetaBAT2	Airways-sample-9	bins=16	contigs=4314
WRITE	MetaBAT2	Gastrointestinal_tract-sample-0	bins=16	contigs=4487
WRITE	MetaBAT2	Gastrointestinal_tract-sample-1	bins=21	contigs=12141
WRITE	MetaBAT2	Gastrointestinal_tract-sample-10	bins=31	contigs=18160
WRITE	MetaBAT2	Gastrointestinal_tract-sample-11	bins=22	contigs=11471
WRITE	MetaBAT2	Gastrointestinal_tract-sample-12	bins=24	contigs=8210
WRITE	MetaBAT2	Gastrointestinal_tract-sample-2	bins=15	contigs=4453
WRITE	MetaBAT2	Gastrointestinal_tract-sample-3	bins=31	contigs=8256
WRITE	MetaBAT2	Gastrointestinal_tract-sample-4	bins=26	contigs=7912
WRITE	MetaBAT2	Gastrointestinal_tract-sample-5	bins=22	contigs=4948
WRITE	MetaBAT2	Gastrointestinal_tract-sample-9	bins=27	contigs=14215
WRITE	MetaBAT2	Oral-sample-13	bins=26	contigs=7267
WRITE	MetaBAT2	Oral-sample-14	bins=26	contigs=6047
WRITE	MetaBAT2	Oral-sample-15	bins=26	contigs=8553
WRITE	MetaBAT2	Oral-sample-16	bins=34	contigs=11520
WRITE	MetaBAT2	Oral-sample-17	bins=34	contigs=7524
WRITE	MetaBAT2	Oral-sample-18	bins=40	contigs=10036
WRITE	MetaBAT2	Oral-sample-19	bins=24	contigs=8024
WRITE	MetaBAT2	Oral-sample-6	bins=32	contigs=12682
WRITE	MetaBAT2	Oral-sample-7	bins=18	contigs=4617
WRITE	MetaBAT2	Oral-sample-8	bins=18	contigs=4286
WRITE	MetaBAT2	Skin-sample-1	bins=17	contigs=6326
WRITE	MetaBAT2	Skin-sample-13	bins=9	contigs=1441
WRITE	MetaBAT2	Skin-sample-14	bins=24	contigs=9357
WRITE	MetaBAT2	Skin-sample-15	bins=9	contigs=2263
WRITE	MetaBAT2	Skin-sample-16	bins=11	contigs=793
WRITE	MetaBAT2	Skin-sample-17	bins=20	contigs=8217
WRITE	MetaBAT2	Skin-sample-18	bins=26	contigs=10063
WRITE	MetaBAT2	Skin-sample-19	bins=34	contigs=14150
WRITE	MetaBAT2	Skin-sample-20	bins=25	contigs=11733
WRITE	MetaBAT2	Skin-sample-28	bins=10	contigs=955
WRITE	MetaBAT2	Urogenital_tract-sample-0	bins=17	contigs=5522
WRITE	MetaBAT2	Urogenital_tract-sample-2	bins=23	contigs=5270
WRITE	MetaBAT2	Urogenital_tract-sample-21	bins=15	contigs=7535
WRITE	MetaBAT2	Urogenital_tract-sample-22	bins=18	contigs=4620
WRITE	MetaBAT2	Urogenital_tract-sample-24	bins=21	contigs=4564
WRITE	MetaBAT2	Urogenital_tract-sample-25	bins=30	contigs=9747
WRITE	MetaBAT2	Urogenital_tract-sample-3	bins=22	contigs=5771
WRITE	MetaBAT2	Urogenital_tract-sample-5	bins=22	contigs=7082
WRITE	MetaBAT2	Urogenital_tract-sample-6	bins=17	contigs=1419
WRITE	SemiBin2	Airways-sample-10	bins=19	contigs=1988
WRITE	SemiBin2	Airways-sample-11	bins=25	contigs=2826
WRITE	SemiBin2	Airways-sample-12	bins=11	contigs=1136
WRITE	SemiBin2	Airways-sample-23	bins=11	contigs=1202
WRITE	SemiBin2	Airways-sample-26	bins=19	contigs=2442
WRITE	SemiBin2	Airways-sample-27	bins=34	contigs=4897
WRITE	SemiBin2	Airways-sample-4	bins=24	contigs=4049
WRITE	SemiBin2	Airways-sample-7	bins=16	contigs=1539
WRITE	SemiBin2	Airways-sample-8	bins=17	contigs=1311
WRITE	SemiBin2	Airways-sample-9	bins=15	contigs=2081
WRITE	SemiBin2	Gastrointestinal_tract-sample-0	bins=26	contigs=3126
WRITE	SemiBin2	Gastrointestinal_tract-sample-1	bins=28	contigs=5561
WRITE	SemiBin2	Gastrointestinal_tract-sample-10	bins=50	contigs=9470
WRITE	SemiBin2	Gastrointestinal_tract-sample-11	bins=37	contigs=5252
WRITE	SemiBin2	Gastrointestinal_tract-sample-12	bins=32	contigs=5198
WRITE	SemiBin2	Gastrointestinal_tract-sample-2	bins=18	contigs=2442
WRITE	SemiBin2	Gastrointestinal_tract-sample-3	bins=33	contigs=3523
WRITE	SemiBin2	Gastrointestinal_tract-sample-4	bins=31	contigs=4808
WRITE	SemiBin2	Gastrointestinal_tract-sample-5	bins=23	contigs=2950
WRITE	SemiBin2	Gastrointestinal_tract-sample-9	bins=42	contigs=7214
WRITE	SemiBin2	Oral-sample-13	bins=34	contigs=4270
WRITE	SemiBin2	Oral-sample-14	bins=24	contigs=3352
WRITE	SemiBin2	Oral-sample-15	bins=26	contigs=3885
WRITE	SemiBin2	Oral-sample-16	bins=44	contigs=6959
WRITE	SemiBin2	Oral-sample-17	bins=29	contigs=3513
WRITE	SemiBin2	Oral-sample-18	bins=40	contigs=5716
WRITE	SemiBin2	Oral-sample-19	bins=30	contigs=4443
WRITE	SemiBin2	Oral-sample-6	bins=39	contigs=4636
WRITE	SemiBin2	Oral-sample-7	bins=21	contigs=2352
WRITE	SemiBin2	Oral-sample-8	bins=23	contigs=1897
WRITE	SemiBin2	Skin-sample-1	bins=18	contigs=2434
WRITE	SemiBin2	Skin-sample-13	bins=11	contigs=994
WRITE	SemiBin2	Skin-sample-14	bins=38	contigs=6698
WRITE	SemiBin2	Skin-sample-15	bins=10	contigs=1028
WRITE	SemiBin2	Skin-sample-16	bins=13	contigs=867
WRITE	SemiBin2	Skin-sample-17	bins=25	contigs=3481
WRITE	SemiBin2	Skin-sample-18	bins=27	contigs=4184
WRITE	SemiBin2	Skin-sample-19	bins=44	contigs=7046
WRITE	SemiBin2	Skin-sample-20	bins=34	contigs=6662
WRITE	SemiBin2	Skin-sample-28	bins=14	contigs=1022
WRITE	SemiBin2	Urogenital_tract-sample-0	bins=24	contigs=3077
WRITE	SemiBin2	Urogenital_tract-sample-2	bins=24	contigs=2498
WRITE	SemiBin2	Urogenital_tract-sample-21	bins=21	contigs=4500
WRITE	SemiBin2	Urogenital_tract-sample-22	bins=26	contigs=4296
WRITE	SemiBin2	Urogenital_tract-sample-24	bins=24	contigs=2399
WRITE	SemiBin2	Urogenital_tract-sample-25	bins=31	contigs=5467
WRITE	SemiBin2	Urogenital_tract-sample-3	bins=25	contigs=2930
WRITE	SemiBin2	Urogenital_tract-sample-5	bins=31	contigs=4511
WRITE	SemiBin2	Urogenital_tract-sample-6	bins=17	contigs=1109
Completed: written=196, skipped=0, empty=0
