Output depth matrix to /mnt/ME5024_PA2/shared/groups/ZHANGLU/Results_of_CAMI2_Other_datasets_other_binning_tools/CONCOCT/Oral/2017.12.04_18.45.54_sample_7/depth.txt
jgi_summarize_bam_contig_depths 2.18 20260506_185317
Running with 64 threads to save memory you can reduce the number of threads with the OMP_NUM_THREADS variable
Output matrix to /mnt/ME5024_PA2/shared/groups/ZHANGLU/Results_of_CAMI2_Other_datasets_other_binning_tools/CONCOCT/Oral/2017.12.04_18.45.54_sample_7/depth.txt
Not writing checkpoints, all depths will be in memory -- You can save memory by using --checkpoint
Opening all bam files and validating headers
Three are 195653 contigs in the first bam file: /mnt/ME5024_PA2/shared/groups/ZHANGLU/Data-CAMI2-others-datasets/Oral-2017.12.04_18.45.54_sample_7.sorted.bam
0: Processed header: /mnt/ME5024_PA2/shared/groups/ZHANGLU/Data-CAMI2-others-datasets/Oral-2017.12.04_18.45.54_sample_7.sorted.bamConsolidated header with 195653 contigs from 1 bam files.
Processing bam files with largest_contig=0
Thread 0 opening and reading the header for file: /mnt/ME5024_PA2/shared/groups/ZHANGLU/Data-CAMI2-others-datasets/Oral-2017.12.04_18.45.54_sample_7.sorted.bam
Thread 0 opened the file: /mnt/ME5024_PA2/shared/groups/ZHANGLU/Data-CAMI2-others-datasets/Oral-2017.12.04_18.45.54_sample_7.sorted.bam
Thread 0 processing bam 0: Oral-2017.12.04_18.45.54_sample_7.sorted.bam
Thread 0 finished reading bam 0: Oral-2017.12.04_18.45.54_sample_7.sorted.bam
Thread 0 finished: Oral-2017.12.04_18.45.54_sample_7.sorted.bam with 33385836 reads and 16679714 readsWellMapped (49.9605%)
Creating depth matrix file: /mnt/ME5024_PA2/shared/groups/ZHANGLU/Results_of_CAMI2_Other_datasets_other_binning_tools/CONCOCT/Oral/2017.12.04_18.45.54_sample_7/depth.txt
Closing last bam file
Finished
RUN: Oral-2017.12.04_18.45.54_sample_7; contigs=/mnt/ME5024_PA2/shared/groups/ZHANGLU/Data-CAMI2-others-datasets/Oral-2017.12.04_18.45.54_sample_7.contigs.fasta; bam=/mnt/ME5024_PA2/shared/groups/ZHANGLU/Data-CAMI2-others-datasets/Oral-2017.12.04_18.45.54_sample_7.sorted.bam; output=/mnt/ME5024_PA2/shared/groups/ZHANGLU/Results_of_CAMI2_Other_datasets_other_binning_tools/CONCOCT/Oral/2017.12.04_18.45.54_sample_7
Up and running. Check /mnt/ME5024_PA2/shared/groups/ZHANGLU/Results_of_CAMI2_Other_datasets_other_binning_tools/CONCOCT/Oral/2017.12.04_18.45.54_sample_7/log.txt for progress
Setting 64 OMP threads
Generate input data
0,-745193.515177,71241.525592
1,-705825.944316,39367.570861
2,-671119.813796,34706.130520
3,-627769.084664,43350.729133
4,-587417.184884,40351.899779
5,-550591.892477,36825.292407
6,-523977.418618,26614.473860
7,-509124.296704,14853.121913
8,-497918.422186,11205.874518
9,-489040.114255,8878.307931
10,-476386.410620,12653.703636
11,-472557.106991,3829.303628
12,-469609.207812,2947.899179
13,-463989.317559,5619.890253
14,-463784.381436,204.936123
15,-463539.162626,245.218810
16,-463293.139790,246.022835
17,-461562.419533,1730.720257
18,-459869.988373,1692.431161
19,-459608.677500,261.310873
20,-458617.560715,991.116784
21,-458362.342089,255.218627
22,-458057.982366,304.359723
23,-456968.466563,1089.515803
24,-456670.239473,298.227089
25,-456270.565417,399.674056
26,-455906.915222,363.650195
27,-453313.468573,2593.446649
28,-453220.580907,92.887665
29,-453071.384891,149.196016
30,-452871.023186,200.361705
31,-452656.076180,214.947006
32,-452407.937565,248.138615
33,-452157.647461,250.290105
34,-451841.345899,316.301562
35,-451607.805481,233.540417
36,-450614.175478,993.630003
37,-450474.828653,139.346826
38,-450363.389519,111.439134
39,-450174.027483,189.362036
40,-449956.727754,217.299730
41,-448252.766097,1703.961656
42,-447419.646033,833.120065
43,-446586.370571,833.275461
44,-446547.936564,38.434007
45,-446512.045999,35.890565
46,-446455.316101,56.729898
47,-445611.687239,843.628862
48,-445569.099161,42.588078
49,-445542.947392,26.151769
50,-445489.983460,52.963932
51,-445474.512376,15.471084
52,-445466.674156,7.838220
53,-445457.496589,9.177567
54,-445425.232429,32.264160
55,-445408.627240,16.605190
56,-445384.983834,23.643406
57,-445353.968153,31.015681
58,-445338.201343,15.766810
59,-445331.857444,6.343900
60,-445322.828694,9.028750
61,-445296.807932,26.020762
62,-445265.009220,31.798711
63,-445209.935252,55.073968
64,-445172.934029,37.001223
65,-444353.307279,819.626750
66,-444354.357001,1.049721
67,-444346.516108,7.840892
68,-444322.416604,24.099504
69,-444288.365154,34.051450
70,-443508.086949,780.278205
71,-443491.336907,16.750042
72,-443476.569653,14.767254
73,-443461.914163,14.655490
74,-443443.996664,17.917499
75,-443424.133743,19.862920
76,-443411.507203,12.626540
77,-443396.031479,15.475724
78,-443375.817245,20.214234
79,-443359.576855,16.240389
80,-443331.397105,28.179751
81,-443304.397193,26.999912
82,-443264.709875,39.687318
83,-443231.853224,32.856651
84,-443202.658312,29.194913
85,-443167.664648,34.993664
86,-443133.407670,34.256978
87,-443080.344550,53.063120
88,-443015.909581,64.434969
89,-442912.707078,103.202503
90,-442781.388248,131.318830
91,-442592.780357,188.607891
92,-442381.866913,210.913444
93,-442176.655859,205.211053
94,-442015.736653,160.919207
95,-441864.507116,151.229537
96,-440986.164261,878.342855
97,-440966.595226,19.569035
98,-440955.364178,11.231048
99,-440910.227899,45.136279
100,-440135.820042,774.407857
101,-440136.187309,0.367267
102,-440134.230401,1.956908
103,-440131.107584,3.122818
104,-440127.672389,3.435194
105,-440122.884243,4.788146
106,-440116.659403,6.224840
107,-440111.186321,5.473082
108,-440105.779296,5.407025
109,-440107.908399,2.129103
110,-440111.759298,3.850899
111,-440115.003571,3.244273
112,-440113.970928,1.032643
113,-440111.403865,2.567063
114,-440101.669721,9.734143
115,-440092.987262,8.682460
116,-440084.140628,8.846634
117,-440084.861383,0.720756
118,-440078.193576,6.667807
119,-440072.826868,5.366708
120,-440071.408750,1.418118
121,-440070.170354,1.238396
122,-440067.796163,2.374192
123,-440063.505672,4.290490
124,-440062.558500,0.947172
125,-440064.356220,1.797719
126,-440064.365199,0.008979
127,-440064.073821,0.291378
128,-440062.173741,1.900081
129,-440058.429010,3.744730
130,-440054.210294,4.218717
131,-440050.646377,3.563917
132,-440048.067524,2.578853
133,-440046.008774,2.058750
134,-440044.148858,1.859916
135,-440042.356559,1.792299
136,-440040.936729,1.419830
137,-440040.054643,0.882087
138,-440040.838857,0.784214
139,-440040.805257,0.033600
140,-440042.667775,1.862518
141,-440043.812366,1.144591
142,-440039.755572,4.056793
143,-440035.915332,3.840241
144,-440033.436480,2.478851
145,-440031.551015,1.885465
146,-440029.861267,1.689749
147,-440028.280233,1.581034
148,-440026.963601,1.316632
149,-440026.211566,0.752035
150,-440025.955768,0.255798
151,-440025.492780,0.462988
152,-440024.511963,0.980817
153,-440023.293164,1.218799
154,-440021.743689,1.549475
155,-440019.761429,1.982260
156,-440019.029871,0.731558
157,-440020.451695,1.421824
158,-440021.458639,1.006944
159,-440021.816942,0.358302
160,-440021.884736,0.067795
161,-440021.773923,0.110813
162,-440021.561018,0.212905
163,-440021.304938,0.256080
164,-440021.035346,0.269592
165,-440020.763756,0.271590
166,-440020.498983,0.264773
167,-440020.255144,0.243839
168,-440020.049452,0.205692
169,-440019.894815,0.154637
170,-440019.794173,0.100642
171,-440019.739194,0.054980
172,-440019.715120,0.024074
173,-440019.707087,0.008033
174,-440019.703893,0.003195
175,-440019.699226,0.004667
176,-440019.690376,0.008850
177,-440019.676901,0.013475
178,-440019.659268,0.017633
179,-440019.638103,0.021165
180,-440019.613907,0.024196
181,-440019.586820,0.027087
182,-440019.556661,0.030159
183,-440019.522935,0.033726
184,-440019.484600,0.038335
185,-440019.440233,0.044367
186,-440019.387757,0.052476
187,-440019.324305,0.063452
188,-440019.245618,0.078686
189,-440019.145683,0.099935
190,-440019.015214,0.130469
191,-440018.839949,0.175265
192,-440018.596153,0.243796
193,-440018.243544,0.352609
194,-440017.710608,0.532937
195,-440016.870674,0.839933
196,-440015.529441,1.341234
197,-440013.602165,1.927275
198,-440011.895587,1.706578
199,-440011.938784,0.043197
12086 378 64
/mnt/ME5024_PA1/home/csbhzou/miniconda3/envs/concoct/bin/merge_cutup_clustering.py:17: SyntaxWarning: invalid escape sequence '\.'
  CONTIG_PART_EXPR = re.compile("(.*)\.concoct_part_([0-9]*)")
CONCOCT Step 1.
CONCOCT Step 2.
CONCOCT Step 3.
DONE: Oral-2017.12.04_18.45.54_sample_7
