Output depth matrix to /mnt/ME5024_PA2/shared/groups/ZHANGLU/Results_of_CAMI2_Other_datasets_other_binning_tools/CONCOCT/Oral/2017.12.04_18.45.54_sample_18/depth.txt
jgi_summarize_bam_contig_depths 2.18 20260506_185317
Running with 64 threads to save memory you can reduce the number of threads with the OMP_NUM_THREADS variable
Output matrix to /mnt/ME5024_PA2/shared/groups/ZHANGLU/Results_of_CAMI2_Other_datasets_other_binning_tools/CONCOCT/Oral/2017.12.04_18.45.54_sample_18/depth.txt
Not writing checkpoints, all depths will be in memory -- You can save memory by using --checkpoint
Opening all bam files and validating headers
Three are 232144 contigs in the first bam file: /mnt/ME5024_PA2/shared/groups/ZHANGLU/Data-CAMI2-others-datasets/Oral-2017.12.04_18.45.54_sample_18.sorted.bam
0: Processed header: /mnt/ME5024_PA2/shared/groups/ZHANGLU/Data-CAMI2-others-datasets/Oral-2017.12.04_18.45.54_sample_18.sorted.bamConsolidated header with 232144 contigs from 1 bam files.
Processing bam files with largest_contig=0
Thread 0 opening and reading the header for file: /mnt/ME5024_PA2/shared/groups/ZHANGLU/Data-CAMI2-others-datasets/Oral-2017.12.04_18.45.54_sample_18.sorted.bam
Thread 0 opened the file: /mnt/ME5024_PA2/shared/groups/ZHANGLU/Data-CAMI2-others-datasets/Oral-2017.12.04_18.45.54_sample_18.sorted.bam
Thread 0 processing bam 0: Oral-2017.12.04_18.45.54_sample_18.sorted.bam
Thread 0 finished reading bam 0: Oral-2017.12.04_18.45.54_sample_18.sorted.bam
Thread 0 finished: Oral-2017.12.04_18.45.54_sample_18.sorted.bam with 33423358 reads and 16141988 readsWellMapped (48.2955%)
Creating depth matrix file: /mnt/ME5024_PA2/shared/groups/ZHANGLU/Results_of_CAMI2_Other_datasets_other_binning_tools/CONCOCT/Oral/2017.12.04_18.45.54_sample_18/depth.txt
Closing last bam file
Finished
RUN: Oral-2017.12.04_18.45.54_sample_18; contigs=/mnt/ME5024_PA2/shared/groups/ZHANGLU/Data-CAMI2-others-datasets/Oral-2017.12.04_18.45.54_sample_18.contigs.fasta; bam=/mnt/ME5024_PA2/shared/groups/ZHANGLU/Data-CAMI2-others-datasets/Oral-2017.12.04_18.45.54_sample_18.sorted.bam; output=/mnt/ME5024_PA2/shared/groups/ZHANGLU/Results_of_CAMI2_Other_datasets_other_binning_tools/CONCOCT/Oral/2017.12.04_18.45.54_sample_18
Up and running. Check /mnt/ME5024_PA2/shared/groups/ZHANGLU/Results_of_CAMI2_Other_datasets_other_binning_tools/CONCOCT/Oral/2017.12.04_18.45.54_sample_18/log.txt for progress
Setting 64 OMP threads
Generate input data
0,-1172288.348457,48370.534653
1,-1122462.601037,49825.747419
2,-1077799.415721,44663.185316
3,-1046465.253344,31334.162377
4,-1021711.591895,24753.661450
5,-999435.643414,22275.948480
6,-978444.740095,20990.903319
7,-967307.744678,11136.995417
8,-958210.073131,9097.671546
9,-951977.098268,6232.974863
10,-946938.140169,5038.958099
11,-944352.261914,2585.878255
12,-941726.496022,2625.765892
13,-939890.600646,1835.895377
14,-937218.445446,2672.155200
15,-936571.867607,646.577839
16,-935569.363556,1002.504051
17,-934802.819624,766.543932
18,-934232.018809,570.800815
19,-933335.390967,896.627841
20,-932236.363783,1099.027184
21,-931857.423545,378.940238
22,-931520.672723,336.750822
23,-930799.963501,720.709222
24,-930429.610372,370.353130
25,-930321.843282,107.767090
26,-929911.563973,410.279309
27,-929266.026417,645.537555
28,-929232.724658,33.301759
29,-929202.053936,30.670722
30,-929082.031193,120.022743
31,-928681.542542,400.488651
32,-928385.721662,295.820880
33,-928127.060032,258.661630
34,-927909.879105,217.180927
35,-927759.168189,150.710916
36,-927547.803132,211.365056
37,-927339.947294,207.855838
38,-927125.406655,214.540639
39,-926659.138623,466.268032
40,-926169.544869,489.593754
41,-925830.156719,339.388150
42,-925742.092451,88.064268
43,-925389.113794,352.978658
44,-925335.898515,53.215278
45,-925290.988280,44.910235
46,-925242.791526,48.196754
47,-925189.572985,53.218541
48,-925146.588945,42.984040
49,-925150.070905,3.481959
50,-925144.788411,5.282494
51,-925105.263554,39.524857
52,-925083.536532,21.727022
53,-925055.693084,27.843448
54,-925030.675017,25.018067
55,-924983.288457,47.386560
56,-924920.608669,62.679789
57,-924633.890573,286.718096
58,-924607.087064,26.803509
59,-924575.988244,31.098820
60,-924521.425541,54.562703
61,-924440.062329,81.363212
62,-924340.039289,100.023040
63,-924011.631228,328.408061
64,-924011.729957,0.098729
65,-924008.462300,3.267657
66,-924018.937657,10.475357
67,-924017.558806,1.378851
68,-924023.429792,5.870986
69,-924040.802965,17.373172
70,-924044.522452,3.719487
71,-924035.617559,8.904892
72,-924024.506824,11.110736
73,-924013.622311,10.884513
74,-924012.148754,1.473557
75,-924010.064599,2.084154
76,-924005.828388,4.236211
77,-924002.245975,3.582413
78,-923998.863559,3.382417
79,-923988.364529,10.499030
80,-923980.141408,8.223121
81,-923975.852805,4.288603
82,-923968.151177,7.701629
83,-923935.657455,32.493722
84,-923936.587927,0.930472
85,-923936.314090,0.273837
86,-923923.323666,12.990424
87,-923909.589429,13.734237
88,-923906.551558,3.037870
89,-923916.372321,9.820762
90,-923916.575504,0.203183
91,-923910.047306,6.528198
92,-923907.687927,2.359378
93,-923907.609488,0.078439
94,-923913.834304,6.224816
95,-923916.149043,2.314739
96,-923916.274755,0.125712
97,-923914.160998,2.113757
98,-923912.056634,2.104364
99,-923912.606058,0.549424
100,-923916.306219,3.700161
101,-923921.212172,4.905952
102,-923915.394743,5.817429
103,-923907.988430,7.406313
104,-923907.529969,0.458461
105,-923908.324504,0.794536
106,-923912.536721,4.212217
107,-923895.381402,17.155319
108,-923895.024745,0.356657
109,-923895.479615,0.454871
110,-923898.780857,3.301241
111,-923899.681720,0.900863
112,-923899.418016,0.263704
113,-923899.281070,0.136946
114,-923903.964919,4.683849
115,-923905.463593,1.498674
116,-923905.661421,0.197828
117,-923905.688899,0.027478
118,-923905.681175,0.007724
119,-923905.697283,0.016108
120,-923905.739287,0.042003
121,-923905.748399,0.009112
122,-923905.654679,0.093720
123,-923905.479537,0.175142
124,-923905.297062,0.182475
125,-923905.046960,0.250101
126,-923904.436715,0.610246
127,-923903.426086,1.010628
128,-923904.692113,1.266026
129,-923906.169476,1.477363
130,-923905.905209,0.264267
131,-923904.468026,1.437182
132,-923903.604579,0.863447
133,-923906.303906,2.699327
134,-923906.454875,0.150969
135,-923905.367362,1.087514
136,-923904.332514,1.034848
137,-923907.125168,2.792654
138,-923907.683736,0.558568
139,-923907.385589,0.298147
140,-923906.928646,0.456943
141,-923906.287194,0.641452
142,-923905.859905,0.427289
143,-923906.560300,0.700395
144,-923907.534637,0.974337
145,-923907.968247,0.433610
146,-923908.194341,0.226094
147,-923908.359942,0.165601
148,-923908.490623,0.130682
149,-923908.589265,0.098642
150,-923908.652707,0.063442
151,-923908.672242,0.019536
152,-923908.628447,0.043795
153,-923908.478286,0.150161
154,-923908.110995,0.367291
155,-923907.185663,0.925332
156,-923904.381542,2.804121
157,-923896.181745,8.199797
158,-923896.158902,0.022843
159,-923895.935473,0.223429
160,-923883.267811,12.667662
161,-923889.123046,5.855235
162,-923891.255621,2.132575
163,-923890.407552,0.848069
164,-923888.333483,2.074068
165,-923887.394290,0.939193
166,-923889.602539,2.208248
167,-923891.283853,1.681314
168,-923895.628299,4.344446
169,-923895.311114,0.317185
170,-923882.010593,13.300522
171,-923884.828177,2.817584
172,-923882.597925,2.230251
173,-923878.765346,3.832579
174,-923882.106994,3.341648
175,-923882.823866,0.716872
176,-923883.035616,0.211749
177,-923883.108116,0.072500
178,-923883.115306,0.007190
179,-923883.073998,0.041309
180,-923882.973167,0.100831
181,-923882.769616,0.203550
182,-923882.363509,0.406108
183,-923881.609319,0.754190
184,-923880.883070,0.726249
185,-923881.853629,0.970559
186,-923883.153951,1.300322
187,-923883.500747,0.346797
188,-923883.308225,0.192522
189,-923882.428516,0.879709
190,-923880.659820,1.768696
191,-923882.838565,2.178745
192,-923885.043870,2.205306
193,-923885.093133,0.049262
194,-923885.050404,0.042729
195,-923885.030714,0.019689
196,-923885.027014,0.003701
197,-923885.031172,0.004159
198,-923885.038385,0.007213
199,-923885.046502,0.008116
28270 884 64
/mnt/ME5024_PA1/home/csbhzou/miniconda3/envs/concoct/bin/merge_cutup_clustering.py:17: SyntaxWarning: invalid escape sequence '\.'
  CONTIG_PART_EXPR = re.compile("(.*)\.concoct_part_([0-9]*)")
CONCOCT Step 1.
CONCOCT Step 2.
CONCOCT Step 3.
DONE: Oral-2017.12.04_18.45.54_sample_18
