Output depth matrix to /mnt/ME5024_PA2/shared/groups/ZHANGLU/Results_of_CAMI2_Other_datasets_other_binning_tools/CONCOCT/Oral/2017.12.04_18.45.54_sample_17/depth.txt
jgi_summarize_bam_contig_depths 2.18 20260506_185317
Running with 64 threads to save memory you can reduce the number of threads with the OMP_NUM_THREADS variable
Output matrix to /mnt/ME5024_PA2/shared/groups/ZHANGLU/Results_of_CAMI2_Other_datasets_other_binning_tools/CONCOCT/Oral/2017.12.04_18.45.54_sample_17/depth.txt
Not writing checkpoints, all depths will be in memory -- You can save memory by using --checkpoint
Opening all bam files and validating headers
Three are 148019 contigs in the first bam file: /mnt/ME5024_PA2/shared/groups/ZHANGLU/Data-CAMI2-others-datasets/Oral-2017.12.04_18.45.54_sample_17.sorted.bam
0: Processed header: /mnt/ME5024_PA2/shared/groups/ZHANGLU/Data-CAMI2-others-datasets/Oral-2017.12.04_18.45.54_sample_17.sorted.bamConsolidated header with 148019 contigs from 1 bam files.
Processing bam files with largest_contig=0
Thread 0 opening and reading the header for file: /mnt/ME5024_PA2/shared/groups/ZHANGLU/Data-CAMI2-others-datasets/Oral-2017.12.04_18.45.54_sample_17.sorted.bam
Thread 0 opened the file: /mnt/ME5024_PA2/shared/groups/ZHANGLU/Data-CAMI2-others-datasets/Oral-2017.12.04_18.45.54_sample_17.sorted.bam
Thread 0 processing bam 0: Oral-2017.12.04_18.45.54_sample_17.sorted.bam
Thread 0 finished reading bam 0: Oral-2017.12.04_18.45.54_sample_17.sorted.bam
Thread 0 finished: Oral-2017.12.04_18.45.54_sample_17.sorted.bam with 33446871 reads and 15767350 readsWellMapped (47.1415%)
Creating depth matrix file: /mnt/ME5024_PA2/shared/groups/ZHANGLU/Results_of_CAMI2_Other_datasets_other_binning_tools/CONCOCT/Oral/2017.12.04_18.45.54_sample_17/depth.txt
Closing last bam file
Finished
RUN: Oral-2017.12.04_18.45.54_sample_17; contigs=/mnt/ME5024_PA2/shared/groups/ZHANGLU/Data-CAMI2-others-datasets/Oral-2017.12.04_18.45.54_sample_17.contigs.fasta; bam=/mnt/ME5024_PA2/shared/groups/ZHANGLU/Data-CAMI2-others-datasets/Oral-2017.12.04_18.45.54_sample_17.sorted.bam; output=/mnt/ME5024_PA2/shared/groups/ZHANGLU/Results_of_CAMI2_Other_datasets_other_binning_tools/CONCOCT/Oral/2017.12.04_18.45.54_sample_17
Up and running. Check /mnt/ME5024_PA2/shared/groups/ZHANGLU/Results_of_CAMI2_Other_datasets_other_binning_tools/CONCOCT/Oral/2017.12.04_18.45.54_sample_17/log.txt for progress
Setting 64 OMP threads
Generate input data
0,-958597.283826,45057.909945
1,-914238.228133,44359.055693
2,-871615.130501,42623.097632
3,-835666.061384,35949.069116
4,-797053.959445,38612.101940
5,-769021.037968,28032.921476
6,-746158.262656,22862.775313
7,-729496.780574,16661.482082
8,-717979.770499,11517.010075
9,-712365.785651,5613.984848
10,-706842.641301,5523.144350
11,-701741.047986,5101.593315
12,-698405.297945,3335.750042
13,-696907.451977,1497.845968
14,-694761.610957,2145.841020
15,-693523.154815,1238.456142
16,-692331.009759,1192.145055
17,-691198.813944,1132.195815
18,-690492.959702,705.854243
19,-689458.285020,1034.674682
20,-689236.375416,221.909604
21,-688288.712187,947.663228
22,-687813.786331,474.925856
23,-687752.079870,61.706461
24,-687655.058332,97.021538
25,-687543.085326,111.973007
26,-687404.732471,138.352855
27,-687193.696624,211.035846
28,-686502.832117,690.864507
29,-685714.866003,787.966114
30,-684890.630709,824.235294
31,-684430.659465,459.971245
32,-683768.655190,662.004275
33,-683648.743063,119.912127
34,-683213.045226,435.697836
35,-683198.076934,14.968293
36,-683167.863325,30.213608
37,-683177.309258,9.445932
38,-683193.846952,16.537694
39,-683147.686684,46.160268
40,-682709.232516,438.454169
41,-682652.795002,56.437513
42,-682570.818722,81.976280
43,-682098.723109,472.095613
44,-681907.598439,191.124670
45,-681737.288645,170.309794
46,-681291.834560,445.454085
47,-681294.561770,2.727210
48,-681300.265737,5.703967
49,-681296.131433,4.134304
50,-681284.848121,11.283311
51,-681287.319191,2.471070
52,-681286.418295,0.900896
53,-681298.469927,12.051632
54,-681299.805226,1.335300
55,-681295.658528,4.146699
56,-681297.274202,1.615675
57,-681309.124893,11.850691
58,-681306.844630,2.280263
59,-681296.874811,9.969818
60,-681288.815274,8.059538
61,-681301.695523,12.880249
62,-681296.597947,5.097576
63,-680900.304314,396.293633
64,-680902.232119,1.927806
65,-680897.037206,5.194913
66,-680889.861547,7.175659
67,-680885.446761,4.414785
68,-680890.727475,5.280714
69,-680902.027444,11.299969
70,-680909.367156,7.339712
71,-680910.203980,0.836824
72,-680905.442907,4.761073
73,-680903.297969,2.144938
74,-680903.894754,0.596785
75,-680905.220259,1.325505
76,-680902.267464,2.952795
77,-680898.415586,3.851878
78,-680894.413089,4.002498
79,-680898.434138,4.021050
80,-680895.119299,3.314839
81,-680896.610628,1.491329
82,-680905.174650,8.564023
83,-680908.332513,3.157862
84,-680913.733140,5.400628
85,-680916.551749,2.818608
86,-680915.117139,1.434609
87,-680916.546950,1.429811
88,-680914.549010,1.997940
89,-680910.723562,3.825449
90,-680908.620208,2.103354
91,-680910.840729,2.220521
92,-680904.915690,5.925038
93,-680899.373772,5.541919
94,-680901.485068,2.111297
95,-680903.793643,2.308575
96,-680897.300745,6.492898
97,-680889.625057,7.675687
98,-680879.072184,10.552874
99,-680876.517487,2.554697
100,-680867.971830,8.545657
101,-680868.911706,0.939877
102,-680867.812375,1.099331
103,-680871.665931,3.853556
104,-680871.361317,0.304614
105,-680861.102568,10.258749
106,-680871.953546,10.850977
107,-680868.756343,3.197202
108,-680867.029298,1.727045
109,-680868.290536,1.261237
110,-680869.478914,1.188378
111,-680866.202754,3.276161
112,-680857.316421,8.886332
113,-680842.485376,14.831045
114,-680830.730577,11.754798
115,-680800.690175,30.040403
116,-680775.725547,24.964628
117,-680761.453164,14.272383
118,-680748.258946,13.194218
119,-680749.973805,1.714859
120,-680727.966797,22.007008
121,-680350.392925,377.573873
122,-680355.848112,5.455187
123,-680358.078865,2.230753
124,-680359.089099,1.010234
125,-680359.866093,0.776995
126,-680361.051464,1.185370
127,-680364.176072,3.124609
128,-680365.733192,1.557120
129,-680366.196050,0.462857
130,-680366.172018,0.024031
131,-680365.565563,0.606455
132,-680363.727325,1.838239
133,-680363.971712,0.244387
134,-680367.542699,3.570987
135,-680367.737314,0.194615
136,-680367.558578,0.178736
137,-680367.301685,0.256894
138,-680367.009125,0.292560
139,-680366.695460,0.313665
140,-680366.367266,0.328194
141,-680366.027885,0.339381
142,-680365.679644,0.348242
143,-680365.324407,0.355236
144,-680364.963502,0.360905
145,-680364.598389,0.365113
146,-680364.230449,0.367940
147,-680363.861205,0.369244
148,-680363.491483,0.369722
149,-680363.122636,0.368847
150,-680362.755737,0.366899
151,-680362.391750,0.363987
152,-680362.031624,0.360126
153,-680361.675915,0.355710
154,-680361.325207,0.350708
155,-680360.979974,0.345233
156,-680360.640389,0.339585
157,-680360.306738,0.333651
158,-680359.979147,0.327591
159,-680359.657530,0.321617
160,-680359.341591,0.315939
161,-680359.031351,0.310240
162,-680358.726258,0.305093
163,-680358.426217,0.300041
164,-680358.130857,0.295361
165,-680357.839618,0.291238
166,-680357.552173,0.287445
167,-680357.267984,0.284189
168,-680356.986540,0.281444
169,-680356.707255,0.279286
170,-680356.429605,0.277649
171,-680356.153033,0.276572
172,-680355.876822,0.276211
173,-680355.600395,0.276427
174,-680355.323110,0.277285
175,-680355.044217,0.278893
176,-680354.762992,0.281225
177,-680354.478760,0.284231
178,-680354.190597,0.288164
179,-680353.897778,0.292818
180,-680353.599162,0.298616
181,-680353.294067,0.305095
182,-680352.981234,0.312833
183,-680352.659626,0.321608
184,-680352.328051,0.331575
185,-680351.985120,0.342931
186,-680351.629519,0.355601
187,-680351.259687,0.369833
188,-680350.874013,0.385674
189,-680350.470443,0.403570
190,-680350.047481,0.422962
191,-680349.603002,0.444479
192,-680349.134980,0.468022
193,-680348.641630,0.493350
194,-680348.121003,0.520627
195,-680347.571803,0.549200
196,-680346.992836,0.578967
197,-680346.384136,0.608700
198,-680345.746709,0.637427
199,-680345.083356,0.663353
21356 668 64
/mnt/ME5024_PA1/home/csbhzou/miniconda3/envs/concoct/bin/merge_cutup_clustering.py:17: SyntaxWarning: invalid escape sequence '\.'
  CONTIG_PART_EXPR = re.compile("(.*)\.concoct_part_([0-9]*)")
CONCOCT Step 1.
CONCOCT Step 2.
CONCOCT Step 3.
DONE: Oral-2017.12.04_18.45.54_sample_17
