Output depth matrix to /mnt/ME5024_PA2/shared/groups/ZHANGLU/Results_of_CAMI2_Other_datasets_other_binning_tools/CONCOCT/Oral/2017.12.04_18.45.54_sample_15/depth.txt
jgi_summarize_bam_contig_depths 2.18 20260506_185317
Running with 64 threads to save memory you can reduce the number of threads with the OMP_NUM_THREADS variable
Output matrix to /mnt/ME5024_PA2/shared/groups/ZHANGLU/Results_of_CAMI2_Other_datasets_other_binning_tools/CONCOCT/Oral/2017.12.04_18.45.54_sample_15/depth.txt
Not writing checkpoints, all depths will be in memory -- You can save memory by using --checkpoint
Opening all bam files and validating headers
Three are 294904 contigs in the first bam file: /mnt/ME5024_PA2/shared/groups/ZHANGLU/Data-CAMI2-others-datasets/Oral-2017.12.04_18.45.54_sample_15.sorted.bam
0: Processed header: /mnt/ME5024_PA2/shared/groups/ZHANGLU/Data-CAMI2-others-datasets/Oral-2017.12.04_18.45.54_sample_15.sorted.bamConsolidated header with 294904 contigs from 1 bam files.
Processing bam files with largest_contig=0
Thread 0 opening and reading the header for file: /mnt/ME5024_PA2/shared/groups/ZHANGLU/Data-CAMI2-others-datasets/Oral-2017.12.04_18.45.54_sample_15.sorted.bam
Thread 0 opened the file: /mnt/ME5024_PA2/shared/groups/ZHANGLU/Data-CAMI2-others-datasets/Oral-2017.12.04_18.45.54_sample_15.sorted.bam
Thread 0 processing bam 0: Oral-2017.12.04_18.45.54_sample_15.sorted.bam
Thread 0 finished reading bam 0: Oral-2017.12.04_18.45.54_sample_15.sorted.bam
Thread 0 finished: Oral-2017.12.04_18.45.54_sample_15.sorted.bam with 33513892 reads and 16273546 readsWellMapped (48.5576%)
Creating depth matrix file: /mnt/ME5024_PA2/shared/groups/ZHANGLU/Results_of_CAMI2_Other_datasets_other_binning_tools/CONCOCT/Oral/2017.12.04_18.45.54_sample_15/depth.txt
Closing last bam file
Finished
RUN: Oral-2017.12.04_18.45.54_sample_15; contigs=/mnt/ME5024_PA2/shared/groups/ZHANGLU/Data-CAMI2-others-datasets/Oral-2017.12.04_18.45.54_sample_15.contigs.fasta; bam=/mnt/ME5024_PA2/shared/groups/ZHANGLU/Data-CAMI2-others-datasets/Oral-2017.12.04_18.45.54_sample_15.sorted.bam; output=/mnt/ME5024_PA2/shared/groups/ZHANGLU/Results_of_CAMI2_Other_datasets_other_binning_tools/CONCOCT/Oral/2017.12.04_18.45.54_sample_15
Up and running. Check /mnt/ME5024_PA2/shared/groups/ZHANGLU/Results_of_CAMI2_Other_datasets_other_binning_tools/CONCOCT/Oral/2017.12.04_18.45.54_sample_15/log.txt for progress
Setting 64 OMP threads
Generate input data
0,-1208785.069220,82016.446558
1,-1148706.242700,60078.826519
2,-1096609.068084,52097.174616
3,-1052792.813666,43816.254418
4,-1012241.900787,40550.912878
5,-983405.395233,28836.505554
6,-953924.993845,29480.401388
7,-935197.938736,18727.055108
8,-921927.110309,13270.828427
9,-908272.833712,13654.276597
10,-901233.714303,7039.119408
11,-892785.534931,8448.179372
12,-885257.265928,7528.269003
13,-877641.038058,7616.227870
14,-873910.628943,3730.409115
15,-869466.330586,4444.298357
16,-867462.797757,2003.532829
17,-865083.447984,2379.349772
18,-862019.857883,3063.590101
19,-859917.491263,2102.366621
20,-857772.851515,2144.639748
21,-857324.919988,447.931527
22,-856143.478362,1181.441626
23,-854150.499358,1992.979004
24,-851348.292509,2802.206849
25,-850368.108998,980.183511
26,-850234.828613,133.280385
27,-850097.820416,137.008197
28,-849943.403376,154.417039
29,-849801.007009,142.396368
30,-849649.492336,151.514673
31,-848621.896796,1027.595539
32,-848404.230726,217.666071
33,-848188.511748,215.718978
34,-847952.661239,235.850509
35,-847652.103512,300.557726
36,-847383.872655,268.230857
37,-844783.692504,2600.180151
38,-844703.542732,80.149772
39,-843816.339651,887.203081
40,-842908.365056,907.974595
41,-842828.683737,79.681319
42,-842727.656513,101.027224
43,-842574.069898,153.586615
44,-842451.199935,122.869963
45,-842327.048501,124.151434
46,-842242.271216,84.777284
47,-842203.366487,38.904729
48,-842122.081994,81.284493
49,-842027.220295,94.861699
50,-841894.073633,133.146662
51,-841794.434475,99.639158
52,-841655.829164,138.605311
53,-841540.275301,115.553864
54,-841374.157261,166.118039
55,-841285.956711,88.200550
56,-840322.161890,963.794821
57,-840168.166034,153.995856
58,-840122.446947,45.719087
59,-840009.365222,113.081725
60,-839851.370647,157.994576
61,-838139.173241,1712.197405
62,-838108.575145,30.598097
63,-838062.358505,46.216639
64,-838066.043375,3.684870
65,-838015.762106,50.281269
66,-837150.257487,865.504619
67,-837151.662836,1.405349
68,-837146.307590,5.355246
69,-837130.446201,15.861390
70,-837086.217237,44.228964
71,-837069.906071,16.311166
72,-837003.270741,66.635330
73,-836159.082431,844.188310
74,-835292.613467,866.468964
75,-835297.491090,4.877623
76,-835298.188418,0.697328
77,-835290.870507,7.317911
78,-835286.653730,4.216777
79,-835282.744409,3.909322
80,-835282.196439,0.547970
81,-835281.159150,1.037289
82,-835276.993834,4.165315
83,-835272.973777,4.020057
84,-835266.530798,6.442980
85,-835261.919503,4.611295
86,-835258.589236,3.330267
87,-835253.883955,4.705281
88,-835254.144222,0.260268
89,-835256.627414,2.483192
90,-835255.766229,0.861186
91,-835254.133782,1.632447
92,-835250.895608,3.238175
93,-835248.798834,2.096773
94,-835247.875268,0.923566
95,-835248.648195,0.772927
96,-835251.046557,2.398362
97,-835253.570653,2.524097
98,-835253.326057,0.244596
99,-835252.305032,1.021025
100,-835244.451081,7.853951
101,-835231.723892,12.727190
102,-835231.519865,0.204027
103,-835234.353021,2.833156
104,-835235.991301,1.638280
105,-835232.399295,3.592006
106,-835226.158831,6.240464
107,-835229.858521,3.699689
108,-835230.818036,0.959515
109,-835230.805042,0.012994
110,-835230.131551,0.673491
111,-835228.352644,1.778907
112,-835224.154854,4.197790
113,-835221.299028,2.855826
114,-835226.299832,5.000804
115,-835228.376434,2.076602
116,-835228.669138,0.292703
117,-835227.734210,0.934928
118,-835226.695949,1.038261
119,-835225.589022,1.106926
120,-835224.457384,1.131639
121,-835220.813204,3.644180
122,-835215.264709,5.548495
123,-835215.642429,0.377720
124,-835216.910635,1.268207
125,-835217.761291,0.850656
126,-835218.113455,0.352164
127,-835218.106528,0.006927
128,-835214.966088,3.140440
129,-835210.465197,4.500890
130,-835208.657706,1.807491
131,-835208.476679,0.181028
132,-835210.298738,1.822059
133,-835212.064885,1.766147
134,-835213.633579,1.568694
135,-835207.572000,6.061579
136,-835206.894758,0.677242
137,-835208.599853,1.705095
138,-835209.261018,0.661165
139,-835205.643041,3.617977
140,-835204.030217,1.612823
141,-835202.745019,1.285198
142,-835202.979948,0.234929
143,-835202.850770,0.129179
144,-835201.505188,1.345582
145,-835198.340088,3.165100
146,-835199.453987,1.113900
147,-835198.675224,0.778764
148,-835196.567163,2.108060
149,-835189.877151,6.690012
150,-835184.808309,5.068841
151,-835183.461147,1.347162
152,-835178.420261,5.040886
153,-835175.535833,2.884428
154,-835174.305074,1.230758
155,-835170.743497,3.561577
156,-835163.553046,7.190451
157,-835158.338061,5.214985
158,-835158.327119,0.010942
159,-835156.554788,1.772331
160,-835155.255007,1.299782
161,-835154.925299,0.329708
162,-835155.549024,0.623725
163,-835155.793895,0.244871
164,-835155.140048,0.653847
165,-835154.454979,0.685069
166,-835151.663559,2.791419
167,-835145.955382,5.708177
168,-835144.612056,1.343326
169,-835136.316314,8.295742
170,-835128.026700,8.289614
171,-835123.305702,4.720998
172,-835119.890450,3.415253
173,-835112.132072,7.758378
174,-835084.551184,27.580888
175,-835057.562653,26.988531
176,-835023.122285,34.440368
177,-834977.411062,45.711223
178,-834898.872575,78.538488
179,-834855.352494,43.520080
180,-834805.830579,49.521915
181,-834781.599332,24.231247
182,-834762.886388,18.712944
183,-834714.188071,48.698317
184,-834663.778991,50.409080
185,-833849.984751,813.794240
186,-833844.781805,5.202946
187,-833839.865961,4.915844
188,-833844.292362,4.426401
189,-833841.553412,2.738950
190,-833837.855708,3.697704
191,-833838.575931,0.720223
192,-833838.640005,0.064074
193,-833838.105771,0.534234
194,-833837.716592,0.389178
195,-833837.577165,0.139427
196,-833837.658906,0.081741
197,-833838.023313,0.364407
198,-833838.525228,0.501915
199,-833838.701208,0.175979
20147 630 64
/mnt/ME5024_PA1/home/csbhzou/miniconda3/envs/concoct/bin/merge_cutup_clustering.py:17: SyntaxWarning: invalid escape sequence '\.'
  CONTIG_PART_EXPR = re.compile("(.*)\.concoct_part_([0-9]*)")
CONCOCT Step 1.
CONCOCT Step 2.
CONCOCT Step 3.
DONE: Oral-2017.12.04_18.45.54_sample_15
