==========================================
Step 1 (Data Prep) started at: Wed Aug 12 06:55:41 PM HKT 2026
Running on node: workernode5
Job ID: 12052, Sample IDs: 0
==========================================
=== CompleteBin Split Runner ===
Step: 1 (Data Preparation)
Device: cpu 001100
Samples (1): [0]
===============================
[1/1] sample-0 | step=1 | device=cpu
2026-08-12 18:55:44 | INFO  | CompleteBin      | --> CompleteBin version: *** v1.2.3.2 ***. The random seed is 2048.
2026-08-12 18:55:44 | INFO  | CompleteBin      | --> Total CPUs: 128. Number of 64 CPUs are applied.
2026-08-12 18:55:44 | INFO  | CompleteBin      | --> Start to filter the space in contig name. Make sure the first string of contig name is unique in fasta file.
2026-08-12 18:55:44 | INFO  | CompleteBin      | --> Start to read contigs.
2026-08-12 18:55:46 | INFO  | CompleteBin      | --> Auto min_contig_length: 850 -> 877 (R=0.786, n_850=91732, n_1000=72115, raise_ratio=0.181)
2026-08-12 18:55:46 | INFO  | CompleteBin      | --> The number of 87655 contigs are longer than 877.
2026-08-12 18:55:46 | INFO  | CompleteBin      | --> We cover 88672 contigs for training.
2026-08-12 18:55:46 | INFO  | CompleteBin      | --> Dropout probability: 0.15, n-views: 6, base epoch is 35, batch size is 544, feature_dim: 100.
2026-08-12 18:55:46 | INFO  | CompleteBin      | --> Step 1 is over.
  -> sample-0 step 1 done.
=== All 1 sample(s) step 1 completed ===
Step 1 finished at: Wed Aug 12 06:55:46 PM HKT 2026
