==========================================
Step 1 (Data Prep) started at: Wed Aug 12 06:55:41 PM HKT 2026
Running on node: workernode5
Job ID: 12046, Sample IDs: 6
==========================================
=== CompleteBin Split Runner ===
Step: 1 (Data Preparation)
Device: cpu 001100
Samples (1): [6]
===============================
[1/1] sample-6 | step=1 | device=cpu
2026-08-12 18:55:44 | INFO  | CompleteBin      | --> CompleteBin version: *** v1.2.3.2 ***. The random seed is 2048.
2026-08-12 18:55:44 | INFO  | CompleteBin      | --> Total CPUs: 128. Number of 64 CPUs are applied.
2026-08-12 18:55:44 | INFO  | CompleteBin      | --> Start to filter the space in contig name. Make sure the first string of contig name is unique in fasta file.
2026-08-12 18:55:44 | INFO  | CompleteBin      | --> Start to read contigs.
2026-08-12 18:55:46 | INFO  | CompleteBin      | --> Auto min_contig_length: 850 -> 868 (R=0.774, n_850=101103, n_1000=78258, raise_ratio=0.120)
2026-08-12 18:55:47 | INFO  | CompleteBin      | --> The number of 97791 contigs are longer than 868.
2026-08-12 18:55:47 | INFO  | CompleteBin      | --> We cover 98464 contigs for training.
2026-08-12 18:55:47 | INFO  | CompleteBin      | --> Dropout probability: 0.15, n-views: 6, base epoch is 35, batch size is 544, feature_dim: 100.
2026-08-12 18:55:47 | INFO  | CompleteBin      | --> Step 1 is over.
  -> sample-6 step 1 done.
=== All 1 sample(s) step 1 completed ===
Step 1 finished at: Wed Aug 12 06:55:47 PM HKT 2026
