==========================================
Step 1 (Data Prep) started at: Wed Aug 12 06:52:48 PM HKT 2026
Running on node: workernode4
Job ID: 12051, Sample IDs: 1
==========================================
=== CompleteBin Split Runner ===
Step: 1 (Data Preparation)
Device: cpu 001100
Samples (1): [1]
===============================
[1/1] sample-1 | step=1 | device=cpu
2026-08-12 18:52:56 | INFO  | CompleteBin      | --> CompleteBin version: *** v1.2.3.2 ***. The random seed is 2048.
2026-08-12 18:52:56 | INFO  | CompleteBin      | --> Total CPUs: 128. Number of 64 CPUs are applied.
2026-08-12 18:52:56 | INFO  | CompleteBin      | --> Start to filter the space in contig name. Make sure the first string of contig name is unique in fasta file.
2026-08-12 18:52:56 | INFO  | CompleteBin      | --> Start to read contigs.
2026-08-12 18:52:57 | INFO  | CompleteBin      | --> Auto min_contig_length: 850 -> 866 (R=0.772, n_850=109279, n_1000=84320, raise_ratio=0.108)
2026-08-12 18:52:58 | INFO  | CompleteBin      | --> The number of 106056 contigs are longer than 866.
2026-08-12 18:52:58 | INFO  | CompleteBin      | --> We cover 106624 contigs for training.
2026-08-12 18:52:58 | INFO  | CompleteBin      | --> Dropout probability: 0.15, n-views: 6, base epoch is 35, batch size is 544, feature_dim: 100.
2026-08-12 18:52:58 | INFO  | CompleteBin      | --> Step 1 is over.
  -> sample-1 step 1 done.
=== All 1 sample(s) step 1 completed ===
Step 1 finished at: Wed Aug 12 06:52:58 PM HKT 2026
