==========================================
Step 1 (Data Prep) started at: Wed Aug 12 06:53:04 PM HKT 2026
Running on node: workernode7
Job ID: 12049, Sample IDs: 3
==========================================
=== CompleteBin Split Runner ===
Step: 1 (Data Preparation)
Device: cpu 001100
Samples (1): [3]
===============================
[1/1] sample-3 | step=1 | device=cpu
2026-08-12 18:53:07 | INFO  | CompleteBin      | --> CompleteBin version: *** v1.2.3.2 ***. The random seed is 2048.
2026-08-12 18:53:07 | INFO  | CompleteBin      | --> Total CPUs: 128. Number of 64 CPUs are applied.
2026-08-12 18:53:07 | INFO  | CompleteBin      | --> Start to filter the space in contig name. Make sure the first string of contig name is unique in fasta file.
2026-08-12 18:53:07 | INFO  | CompleteBin      | --> Start to read contigs.
2026-08-12 18:53:09 | INFO  | CompleteBin      | --> Auto min_contig_length: 850 -> 870 (R=0.778, n_850=112120, n_1000=87203, raise_ratio=0.139)
2026-08-12 18:53:09 | INFO  | CompleteBin      | --> The number of 108148 contigs are longer than 870.
2026-08-12 18:53:09 | INFO  | CompleteBin      | --> We cover 108800 contigs for training.
2026-08-12 18:53:09 | INFO  | CompleteBin      | --> Dropout probability: 0.15, n-views: 6, base epoch is 35, batch size is 544, feature_dim: 100.
2026-08-12 18:53:09 | INFO  | CompleteBin      | --> Step 1 is over.
  -> sample-3 step 1 done.
=== All 1 sample(s) step 1 completed ===
Step 1 finished at: Wed Aug 12 06:53:10 PM HKT 2026
