============================================
TaxVAMB marine multi-sample binning started
Assembly       : 3
FASTA          : /mnt/ME5024_PA2/shared/groups/ZHANGLU/Data-CAMI2-Marine-multi-samples/marine-sample-3.contigs.fasta
Taxonomy       : /mnt/ME5024_PA1/home/csbhzou/taxVAMB-marine-assembled-3-taxon-results.tsv
BAM files      : 10 cross-sample mappings
Output         : /mnt/ME5024_PA2/shared/groups/ZHANGLU/TaxVAMB-CAMI2-Marine-Multi-Sample/marine-sample-3
Node           : workernode4
Started        : Thu Aug 13 06:02:28 HKT 2026
============================================
Traceback (most recent call last):
  File "/mnt/ME5024_PA1/home/csbhzou/miniconda3/envs/taxvamb/bin/vamb", line 6, in <module>
    sys.exit(main())
             ^^^^^^
  File "/mnt/ME5024_PA1/home/csbhzou/miniconda3/envs/taxvamb/lib/python3.11/site-packages/vamb/__main__.py", line 2368, in main
    opt = BinTaxVambOptions.from_args(args)
          ^^^^^^^^^^^^^^^^^^^^^^^^^^^^^^^^^
  File "/mnt/ME5024_PA1/home/csbhzou/miniconda3/envs/taxvamb/lib/python3.11/site-packages/vamb/__main__.py", line 757, in from_args
    taxonomy = get_taxonomy(args)
               ^^^^^^^^^^^^^^^^^^
  File "/mnt/ME5024_PA1/home/csbhzou/miniconda3/envs/taxvamb/lib/python3.11/site-packages/vamb/__main__.py", line 410, in get_taxonomy
    raise ValueError(
ValueError: ERROR: When reading taxonomy file at "/mnt/ME5024_PA1/home/csbhzou/taxVAMB-marine-assembled-3-taxon-results.tsv", the first line was not either 'contigs\tpredictions' or 'contigs\tpredictions\tscores''
